Archive member included to satisfy reference by file (symbol)

/Applications/STM32CubeIDE.app/Contents/Eclipse/plugins/com.st.stm32cube.ide.mcu.externaltools.gnu-tools-for-stm32.12.3.rel1.macos64_1.0.200.202406191456/tools/bin/../lib/gcc/arm-none-eabi/12.3.1/../../../../arm-none-eabi/lib/thumb/v7e-m+fp/hard/libc_nano.a(libc_a-exit.o)
                              /Applications/STM32CubeIDE.app/Contents/Eclipse/plugins/com.st.stm32cube.ide.mcu.externaltools.gnu-tools-for-stm32.12.3.rel1.macos64_1.0.200.202406191456/tools/bin/../lib/gcc/arm-none-eabi/12.3.1/../../../../arm-none-eabi/lib/thumb/v7e-m+fp/hard/crt0.o (exit)
/Applications/STM32CubeIDE.app/Contents/Eclipse/plugins/com.st.stm32cube.ide.mcu.externaltools.gnu-tools-for-stm32.12.3.rel1.macos64_1.0.200.202406191456/tools/bin/../lib/gcc/arm-none-eabi/12.3.1/../../../../arm-none-eabi/lib/thumb/v7e-m+fp/hard/libc_nano.a(libc_a-findfp.o)
                              /Applications/STM32CubeIDE.app/Contents/Eclipse/plugins/com.st.stm32cube.ide.mcu.externaltools.gnu-tools-for-stm32.12.3.rel1.macos64_1.0.200.202406191456/tools/bin/../lib/gcc/arm-none-eabi/12.3.1/../../../../arm-none-eabi/lib/thumb/v7e-m+fp/hard/libc_nano.a(libc_a-exit.o) (__stdio_exit_handler)
/Applications/STM32CubeIDE.app/Contents/Eclipse/plugins/com.st.stm32cube.ide.mcu.externaltools.gnu-tools-for-stm32.12.3.rel1.macos64_1.0.200.202406191456/tools/bin/../lib/gcc/arm-none-eabi/12.3.1/../../../../arm-none-eabi/lib/thumb/v7e-m+fp/hard/libc_nano.a(libc_a-fwalk.o)
                              /Applications/STM32CubeIDE.app/Contents/Eclipse/plugins/com.st.stm32cube.ide.mcu.externaltools.gnu-tools-for-stm32.12.3.rel1.macos64_1.0.200.202406191456/tools/bin/../lib/gcc/arm-none-eabi/12.3.1/../../../../arm-none-eabi/lib/thumb/v7e-m+fp/hard/libc_nano.a(libc_a-findfp.o) (_fwalk_sglue)
/Applications/STM32CubeIDE.app/Contents/Eclipse/plugins/com.st.stm32cube.ide.mcu.externaltools.gnu-tools-for-stm32.12.3.rel1.macos64_1.0.200.202406191456/tools/bin/../lib/gcc/arm-none-eabi/12.3.1/../../../../arm-none-eabi/lib/thumb/v7e-m+fp/hard/libc_nano.a(libc_a-memcmp.o)
                              ./Components/FreeRTOS/Source/tasks.o (memcmp)
/Applications/STM32CubeIDE.app/Contents/Eclipse/plugins/com.st.stm32cube.ide.mcu.externaltools.gnu-tools-for-stm32.12.3.rel1.macos64_1.0.200.202406191456/tools/bin/../lib/gcc/arm-none-eabi/12.3.1/../../../../arm-none-eabi/lib/thumb/v7e-m+fp/hard/libc_nano.a(libc_a-memset.o)
                              /Applications/STM32CubeIDE.app/Contents/Eclipse/plugins/com.st.stm32cube.ide.mcu.externaltools.gnu-tools-for-stm32.12.3.rel1.macos64_1.0.200.202406191456/tools/bin/../lib/gcc/arm-none-eabi/12.3.1/../../../../arm-none-eabi/lib/thumb/v7e-m+fp/hard/crt0.o (memset)
/Applications/STM32CubeIDE.app/Contents/Eclipse/plugins/com.st.stm32cube.ide.mcu.externaltools.gnu-tools-for-stm32.12.3.rel1.macos64_1.0.200.202406191456/tools/bin/../lib/gcc/arm-none-eabi/12.3.1/../../../../arm-none-eabi/lib/thumb/v7e-m+fp/hard/libc_nano.a(libc_a-impure.o)
                              /Applications/STM32CubeIDE.app/Contents/Eclipse/plugins/com.st.stm32cube.ide.mcu.externaltools.gnu-tools-for-stm32.12.3.rel1.macos64_1.0.200.202406191456/tools/bin/../lib/gcc/arm-none-eabi/12.3.1/../../../../arm-none-eabi/lib/thumb/v7e-m+fp/hard/libc_nano.a(libc_a-findfp.o) (_impure_data)
/Applications/STM32CubeIDE.app/Contents/Eclipse/plugins/com.st.stm32cube.ide.mcu.externaltools.gnu-tools-for-stm32.12.3.rel1.macos64_1.0.200.202406191456/tools/bin/../lib/gcc/arm-none-eabi/12.3.1/../../../../arm-none-eabi/lib/thumb/v7e-m+fp/hard/libc_nano.a(libc_a-errno.o)
                              ./Core/Src/syscalls.o (__errno)
/Applications/STM32CubeIDE.app/Contents/Eclipse/plugins/com.st.stm32cube.ide.mcu.externaltools.gnu-tools-for-stm32.12.3.rel1.macos64_1.0.200.202406191456/tools/bin/../lib/gcc/arm-none-eabi/12.3.1/../../../../arm-none-eabi/lib/thumb/v7e-m+fp/hard/libc_nano.a(libc_a-init.o)
                              /Applications/STM32CubeIDE.app/Contents/Eclipse/plugins/com.st.stm32cube.ide.mcu.externaltools.gnu-tools-for-stm32.12.3.rel1.macos64_1.0.200.202406191456/tools/bin/../lib/gcc/arm-none-eabi/12.3.1/../../../../arm-none-eabi/lib/thumb/v7e-m+fp/hard/crt0.o (__libc_init_array)
/Applications/STM32CubeIDE.app/Contents/Eclipse/plugins/com.st.stm32cube.ide.mcu.externaltools.gnu-tools-for-stm32.12.3.rel1.macos64_1.0.200.202406191456/tools/bin/../lib/gcc/arm-none-eabi/12.3.1/../../../../arm-none-eabi/lib/thumb/v7e-m+fp/hard/libc_nano.a(libc_a-lock.o)
                              /Applications/STM32CubeIDE.app/Contents/Eclipse/plugins/com.st.stm32cube.ide.mcu.externaltools.gnu-tools-for-stm32.12.3.rel1.macos64_1.0.200.202406191456/tools/bin/../lib/gcc/arm-none-eabi/12.3.1/../../../../arm-none-eabi/lib/thumb/v7e-m+fp/hard/libc_nano.a(libc_a-findfp.o) (__retarget_lock_init_recursive)
[...]
Memory Configuration

Name             Origin             Length             Attributes
RAM              0x20000000         0x00020000         xrw
FLASH            0x08000000         0x00080000         xr
*default*        0x00000000         0xffffffff

Linker script and memory map

LOAD /Applications/STM32CubeIDE.app/Contents/Eclipse/plugins/com.st.stm32cube.ide.mcu.externaltools.gnu-tools-for-stm32.12.3.rel1.macos64_1.0.200.202406191456/tools/bin/../lib/gcc/arm-none-eabi/12.3.1/thumb/v7e-m+fp/hard/crti.o
LOAD /Applications/STM32CubeIDE.app/Contents/Eclipse/plugins/com.st.stm32cube.ide.mcu.externaltools.gnu-tools-for-stm32.12.3.rel1.macos64_1.0.200.202406191456/tools/bin/../lib/gcc/arm-none-eabi/12.3.1/thumb/v7e-m+fp/hard/crtbegin.o
LOAD /Applications/STM32CubeIDE.app/Contents/Eclipse/plugins/com.st.stm32cube.ide.mcu.externaltools.gnu-tools-for-stm32.12.3.rel1.macos64_1.0.200.202406191456/tools/bin/../lib/gcc/arm-none-eabi/12.3.1/../../../../arm-none-eabi/lib/thumb/v7e-m+fp/hard/crt0.o
LOAD ./Components/FreeRTOS/Source/croutine.o
LOAD ./Components/FreeRTOS/Source/event_groups.o
LOAD ./Components/FreeRTOS/Source/list.o
LOAD ./Components/FreeRTOS/Source/queue.o
LOAD ./Components/FreeRTOS/Source/stream_buffer.o
LOAD ./Components/FreeRTOS/Source/tasks.o
LOAD ./Components/FreeRTOS/Source/timers.o
LOAD ./Components/FreeRTOS/Source/portable/GCC/ARM_CM4F/port.o
LOAD ./Components/FreeRTOS/Source/portable/MemMang/heap_4.o
LOAD ./Components/I2C_LCD/LCD_I2C.o
LOAD ./Components/SEGGER/Config/SEGGER_SYSVIEW_Config_FreeRTOS.o
LOAD ./Components/SEGGER/OS/SEGGER_SYSVIEW_FreeRTOS.o
LOAD ./Components/SEGGER/SEGGER/SEGGER_RTT.o
LOAD ./Components/SEGGER/SEGGER/SEGGER_RTT_ASM_ARMv7M.o
LOAD ./Components/SEGGER/SEGGER/SEGGER_RTT_printf.o
LOAD ./Components/SEGGER/SEGGER/SEGGER_SYSVIEW.o
LOAD ./Components/SEGGER/SEGGER/Syscalls/SEGGER_RTT_Syscalls_GCC.o
LOAD ./Core/Src/main.o
LOAD ./Core/Src/stm32f4xx_hal_msp.o
LOAD ./Core/Src/stm32f4xx_hal_timebase_tim.o
LOAD ./Core/Src/stm32f4xx_it.o
LOAD ./Core/Src/syscalls.o
LOAD ./Core/Src/sysmem.o
LOAD ./Core/Src/system_stm32f4xx.o
LOAD ./Core/Startup/startup_stm32f446retx.o
LOAD ./Drivers/STM32F4xx_HAL_Driver/Src/stm32f4xx_hal.o
LOAD ./Drivers/STM32F4xx_HAL_Driver/Src/stm32f4xx_hal_cortex.o
LOAD ./Drivers/STM32F4xx_HAL_Driver/Src/stm32f4xx_hal_dma.o
LOAD ./Drivers/STM32F4xx_HAL_Driver/Src/stm32f4xx_hal_dma_ex.o
LOAD ./Drivers/STM32F4xx_HAL_Driver/Src/stm32f4xx_hal_exti.o
LOAD ./Drivers/STM32F4xx_HAL_Driver/Src/stm32f4xx_hal_flash.o
LOAD ./Drivers/STM32F4xx_HAL_Driver/Src/stm32f4xx_hal_flash_ex.o
LOAD ./Drivers/STM32F4xx_HAL_Driver/Src/stm32f4xx_hal_flash_ramfunc.o
LOAD ./Drivers/STM32F4xx_HAL_Driver/Src/stm32f4xx_hal_gpio.o
LOAD ./Drivers/STM32F4xx_HAL_Driver/Src/stm32f4xx_hal_i2c.o
LOAD ./Drivers/STM32F4xx_HAL_Driver/Src/stm32f4xx_hal_i2c_ex.o
LOAD ./Drivers/STM32F4xx_HAL_Driver/Src/stm32f4xx_hal_pwr.o
LOAD ./Drivers/STM32F4xx_HAL_Driver/Src/stm32f4xx_hal_pwr_ex.o
LOAD ./Drivers/STM32F4xx_HAL_Driver/Src/stm32f4xx_hal_rcc.o
LOAD ./Drivers/STM32F4xx_HAL_Driver/Src/stm32f4xx_hal_rcc_ex.o
LOAD ./Drivers/STM32F4xx_HAL_Driver/Src/stm32f4xx_hal_tim.o
LOAD ./Drivers/STM32F4xx_HAL_Driver/Src/stm32f4xx_hal_tim_ex.o
START GROUP
LOAD /Applications/STM32CubeIDE.app/Contents/Eclipse/plugins/com.st.stm32cube.ide.mcu.externaltools.gnu-tools-for-stm32.12.3.rel1.macos64_1.0.200.202406191456/tools/bin/../lib/gcc/arm-none-eabi/12.3.1/../../../../arm-none-eabi/lib/thumb/v7e-m+fp/hard/libc_nano.a
LOAD /Applications/STM32CubeIDE.app/Contents/Eclipse/plugins/com.st.stm32cube.ide.mcu.externaltools.gnu-tools-for-stm32.12.3.rel1.macos64_1.0.200.202406191456/tools/bin/../lib/gcc/arm-none-eabi/12.3.1/../../../../arm-none-eabi/lib/thumb/v7e-m+fp/hard/libm.a
END GROUP
START GROUP
LOAD /Applications/STM32CubeIDE.app/Contents/Eclipse/plugins/com.st.stm32cube.ide.mcu.externaltools.gnu-tools-for-stm32.12.3.rel1.macos64_1.0.200.202406191456/tools/bin/../lib/gcc/arm-none-eabi/12.3.1/thumb/v7e-m+fp/hard/libgcc.a
LOAD /Applications/STM32CubeIDE.app/Contents/Eclipse/plugins/com.st.stm32cube.ide.mcu.externaltools.gnu-tools-for-stm32.12.3.rel1.macos64_1.0.200.202406191456/tools/bin/../lib/gcc/arm-none-eabi/12.3.1/../../../../arm-none-eabi/lib/thumb/v7e-m+fp/hard/libc_nano.a
END GROUP
START GROUP
LOAD /Applications/STM32CubeIDE.app/Contents/Eclipse/plugins/com.st.stm32cube.ide.mcu.externaltools.gnu-tools-for-stm32.12.3.rel1.macos64_1.0.200.202406191456/tools/bin/../lib/gcc/arm-none-eabi/12.3.1/thumb/v7e-m+fp/hard/libgcc.a
LOAD /Applications/STM32CubeIDE.app/Contents/Eclipse/plugins/com.st.stm32cube.ide.mcu.externaltools.gnu-tools-for-stm32.12.3.rel1.macos64_1.0.200.202406191456/tools/bin/../lib/gcc/arm-none-eabi/12.3.1/../../../../arm-none-eabi/lib/thumb/v7e-m+fp/hard/libc_nano.a
LOAD /Applications/STM32CubeIDE.app/Contents/Eclipse/plugins/com.st.stm32cube.ide.mcu.externaltools.gnu-tools-for-stm32.12.3.rel1.macos64_1.0.200.202406191456/tools/bin/../lib/gcc/arm-none-eabi/12.3.1/../../../../arm-none-eabi/lib/thumb/v7e-m+fp/hard/libnosys.a
END GROUP
START GROUP
LOAD /Applications/STM32CubeIDE.app/Contents/Eclipse/plugins/com.st.stm32cube.ide.mcu.externaltools.gnu-tools-for-stm32.12.3.rel1.macos64_1.0.200.202406191456/tools/bin/../lib/gcc/arm-none-eabi/12.3.1/thumb/v7e-m+fp/hard/libgcc.a
LOAD /Applications/STM32CubeIDE.app/Contents/Eclipse/plugins/com.st.stm32cube.ide.mcu.externaltools.gnu-tools-for-stm32.12.3.rel1.macos64_1.0.200.202406191456/tools/bin/../lib/gcc/arm-none-eabi/12.3.1/../../../../arm-none-eabi/lib/thumb/v7e-m+fp/hard/libc_nano.a
LOAD /Applications/STM32CubeIDE.app/Contents/Eclipse/plugins/com.st.stm32cube.ide.mcu.externaltools.gnu-tools-for-stm32.12.3.rel1.macos64_1.0.200.202406191456/tools/bin/../lib/gcc/arm-none-eabi/12.3.1/../../../../arm-none-eabi/lib/thumb/v7e-m+fp/hard/libnosys.a
END GROUP
LOAD /Applications/STM32CubeIDE.app/Contents/Eclipse/plugins/com.st.stm32cube.ide.mcu.externaltools.gnu-tools-for-stm32.12.3.rel1.macos64_1.0.200.202406191456/tools/bin/../lib/gcc/arm-none-eabi/12.3.1/thumb/v7e-m+fp/hard/crtend.o
LOAD /Applications/STM32CubeIDE.app/Contents/Eclipse/plugins/com.st.stm32cube.ide.mcu.externaltools.gnu-tools-for-stm32.12.3.rel1.macos64_1.0.200.202406191456/tools/bin/../lib/gcc/arm-none-eabi/12.3.1/thumb/v7e-m+fp/hard/crtn.o
                0x20020000                        _estack = (ORIGIN (RAM) + LENGTH (RAM))
                0x00000200                        _Min_Heap_Size = 0x200
                0x00000400                        _Min_Stack_Size = 0x400

.isr_vector     0x08000000      0x1c4
                0x08000000                        . = ALIGN (0x4)
 *(.isr_vector)
 .isr_vector    0x08000000      0x1c4 ./Core/Startup/startup_stm32f446retx.o
                0x08000000                g_pfnVectors
                0x080001c4                        . = ALIGN (0x4)

.text           0x080001d0     0x6144
                0x080001d0                        . = ALIGN (0x4)
 *(.text)
 .text          0x080001d0       0x40 /Applications/STM32CubeIDE.app/Contents/Eclipse/plugins/com.st.stm32cube.ide.mcu.externaltools.gnu-tools-for-stm32.12.3.rel1.macos64_1.0.200.202406191456/tools/bin/../lib/gcc/arm-none-eabi/12.3.1/thumb/v7e-m+fp/hard/crtbegin.o
 .text          0x08000210       0x94 ./Components/SEGGER/SEGGER/SEGGER_RTT_ASM_ARMv7M.o
                0x08000210                SEGGER_RTT_ASM_WriteSkipNoLock
 .text          0x080002a4       0x30 /Applications/STM32CubeIDE.app/Contents/Eclipse/plugins/com.st.stm32cube.ide.mcu.externaltools.gnu-tools-for-stm32.12.3.rel1.macos64_1.0.200.202406191456/tools/bin/../lib/gcc/arm-none-eabi/12.3.1/thumb/v7e-m+fp/hard/libgcc.a(_aeabi_uldivmod.o)
                0x080002a4                __aeabi_uldivmod
 .text          0x080002d4      0x2bc /Applications/STM32CubeIDE.app/Contents/Eclipse/plugins/com.st.stm32cube.ide.mcu.externaltools.gnu-tools-for-stm32.12.3.rel1.macos64_1.0.200.202406191456/tools/bin/../lib/gcc/arm-none-eabi/12.3.1/thumb/v7e-m+fp/hard/libgcc.a(_udivmoddi4.o)
                0x080002d4                __udivmoddi4
 .text          0x08000590        0x4 /Applications/STM32CubeIDE.app/Contents/Eclipse/plugins/com.st.stm32cube.ide.mcu.externaltools.gnu-tools-for-stm32.12.3.rel1.macos64_1.0.200.202406191456/tools/bin/../lib/gcc/arm-none-eabi/12.3.1/thumb/v7e-m+fp/hard/libgcc.a(_dvmd_tls.o)
                0x08000590                __aeabi_ldiv0
                0x08000590                __aeabi_idiv0
 *(.text*)
 .text.vListInitialise
                0x08000594       0x40 ./Components/FreeRTOS/Source/list.o
                0x08000594                vListInitialise
 .text.vListInitialiseItem
                0x080005d4       0x1a ./Components/FreeRTOS/Source/list.o
                0x080005d4                vListInitialiseItem
 .text.vListInsert
                0x080005ee       0x72 ./Components/FreeRTOS/Source/list.o
                0x080005ee                vListInsert
 .text.uxListRemove
                0x08000660       0x54 ./Components/FreeRTOS/Source/list.o
                0x08000660                uxListRemove
 .text.xTaskCreate
                0x080006b4       0x8c ./Components/FreeRTOS/Source/tasks.o
                0x080006b4                xTaskCreate
 .text.prvInitialiseNewTask
                0x08000740      0x120 ./Components/FreeRTOS/Source/tasks.o
 .text.prvAddNewTaskToReadyList
                0x08000860      0x168 ./Components/FreeRTOS/Source/tasks.o
 .text.vTaskDelay
                0x080009c8       0x6c ./Components/FreeRTOS/Source/tasks.o
                0x080009c8                vTaskDelay
 .text.vTaskStartScheduler
                0x08000a34       0xc4 ./Components/FreeRTOS/Source/tasks.o
                0x08000a34                vTaskStartScheduler
 .text.vTaskSuspendAll
                0x08000af8       0x1c ./Components/FreeRTOS/Source/tasks.o
                0x08000af8                vTaskSuspendAll
 .text.xTaskResumeAll
                0x08000b14      0x200 ./Components/FreeRTOS/Source/tasks.o
                0x08000b14                xTaskResumeAll
 .text.xTaskGetTickCountFromISR
                0x08000d14       0x24 ./Components/FreeRTOS/Source/tasks.o
                0x08000d14                xTaskGetTickCountFromISR
 .text.xTaskIncrementTick
                0x08000d38      0x238 ./Components/FreeRTOS/Source/tasks.o
                0x08000d38                xTaskIncrementTick
 .text.vTaskSwitchContext
                0x08000f70       0xe0 ./Components/FreeRTOS/Source/tasks.o
                0x08000f70                vTaskSwitchContext
 .text.prvIdleTask
                0x08001050        0xe ./Components/FreeRTOS/Source/tasks.o
 *fill*         0x0800105e        0x2 
 .text.prvInitialiseTaskLists
                0x08001060       0x80 ./Components/FreeRTOS/Source/tasks.o
 .text.prvCheckTasksWaitingTermination
                0x080010e0       0x5c ./Components/FreeRTOS/Source/tasks.o
 .text.prvDeleteTCB
                0x0800113c       0x20 ./Components/FreeRTOS/Source/tasks.o
 .text.prvResetNextTaskUnblockTime
                0x0800115c       0x38 ./Components/FreeRTOS/Source/tasks.o
 .text.xTaskGenericNotifyWait
                0x08001194      0x100 ./Components/FreeRTOS/Source/tasks.o
                0x08001194                xTaskGenericNotifyWait
 .text.xTaskGenericNotify
                0x08001294      0x258 ./Components/FreeRTOS/Source/tasks.o
                0x08001294                xTaskGenericNotify
 .text.prvAddCurrentTaskToDelayedList
                0x080014ec      0x100 ./Components/FreeRTOS/Source/tasks.o
 .text.pxPortInitialiseStack
                0x080015ec       0x68 ./Components/FreeRTOS/Source/portable/GCC/ARM_CM4F/port.o
                0x080015ec                pxPortInitialiseStack
 .text.prvTaskExitError
                0x08001654       0x5c ./Components/FreeRTOS/Source/portable/GCC/ARM_CM4F/port.o
 .text.SVC_Handler
                0x080016b0       0x28 ./Components/FreeRTOS/Source/portable/GCC/ARM_CM4F/port.o
                0x080016b0                SVC_Handler
 .text.prvPortStartFirstTask
                0x080016d8       0x2c ./Components/FreeRTOS/Source/portable/GCC/ARM_CM4F/port.o
 .text.xPortStartScheduler
                0x08001704      0x148 ./Components/FreeRTOS/Source/portable/GCC/ARM_CM4F/port.o
                0x08001704                xPortStartScheduler
 .text.vPortEnterCritical
                0x0800184c       0x64 ./Components/FreeRTOS/Source/portable/GCC/ARM_CM4F/port.o
                0x0800184c                vPortEnterCritical
 .text.vPortExitCritical
                0x080018b0       0x54 ./Components/FreeRTOS/Source/portable/GCC/ARM_CM4F/port.o
                0x080018b0                vPortExitCritical
 *fill*         0x08001904        0xc 
 .text.PendSV_Handler
                0x08001910       0x68 ./Components/FreeRTOS/Source/portable/GCC/ARM_CM4F/port.o
                0x08001910                PendSV_Handler
 .text.SysTick_Handler
                0x08001978       0x50 ./Components/FreeRTOS/Source/portable/GCC/ARM_CM4F/port.o
                0x08001978                SysTick_Handler
 .text.vPortSetupTimerInterrupt
                0x080019c8       0x48 ./Components/FreeRTOS/Source/portable/GCC/ARM_CM4F/port.o
                0x080019c8                vPortSetupTimerInterrupt
 .text.vPortEnableVFP
                0x08001a10       0x18 ./Components/FreeRTOS/Source/portable/GCC/ARM_CM4F/port.o
 .text.vPortValidateInterruptPriority
                0x08001a28       0x84 ./Components/FreeRTOS/Source/portable/GCC/ARM_CM4F/port.o
                0x08001a28                vPortValidateInterruptPriority
 .text.pvPortMalloc
                0x08001aac      0x178 ./Components/FreeRTOS/Source/portable/MemMang/heap_4.o
                0x08001aac                pvPortMalloc
 .text.vPortFree
                0x08001c24       0xbc ./Components/FreeRTOS/Source/portable/MemMang/heap_4.o
                0x08001c24                vPortFree
 .text.prvHeapInit
                0x08001ce0       0xb8 ./Components/FreeRTOS/Source/portable/MemMang/heap_4.o
 .text.prvInsertBlockIntoFreeList
                0x08001d98       0xb4 ./Components/FreeRTOS/Source/portable/MemMang/heap_4.o
 .text.LCD_init
                0x08001e4c       0x74 ./Components/I2C_LCD/LCD_I2C.o
                0x08001e4c                LCD_init
 .text.LCD_send_command
                0x08001ec0       0x60 ./Components/I2C_LCD/LCD_I2C.o
                0x08001ec0                LCD_send_command
 .text.LCD_send_data
                0x08001f20       0x60 ./Components/I2C_LCD/LCD_I2C.o
                0x08001f20                LCD_send_data
 .text.LCD_send_string
                0x08001f80       0x2a ./Components/I2C_LCD/LCD_I2C.o
                0x08001f80                LCD_send_string
 *fill*         0x08001faa        0x2 
 .text._cbSendSystemDesc
                0x08001fac       0x1c ./Components/SEGGER/Config/SEGGER_SYSVIEW_Config_FreeRTOS.o
 .text.SEGGER_SYSVIEW_Conf
                0x08001fc8       0x2c ./Components/SEGGER/Config/SEGGER_SYSVIEW_Config_FreeRTOS.o
                0x08001fc8                SEGGER_SYSVIEW_Conf
 .text._cbSendTaskList
                0x08001ff4       0x90 ./Components/SEGGER/OS/SEGGER_SYSVIEW_FreeRTOS.o
 .text._cbGetTime
                0x08002084       0x86 ./Components/SEGGER/OS/SEGGER_SYSVIEW_FreeRTOS.o
 *fill*         0x0800210a        0x2 
 .text.SYSVIEW_AddTask
                0x0800210c       0xd0 ./Components/SEGGER/OS/SEGGER_SYSVIEW_FreeRTOS.o
                0x0800210c                SYSVIEW_AddTask
 .text.SYSVIEW_SendTaskInfo
                0x080021dc       0x42 ./Components/SEGGER/OS/SEGGER_SYSVIEW_FreeRTOS.o
                0x080021dc                SYSVIEW_SendTaskInfo
 *fill*         0x0800221e        0x2 
 .text._DoInit  0x08002220       0xb4 ./Components/SEGGER/SEGGER/SEGGER_RTT.o
 .text.SEGGER_RTT_ReadNoLock
                0x080022d4      0x10c ./Components/SEGGER/SEGGER/SEGGER_RTT.o
                0x080022d4                SEGGER_RTT_ReadNoLock
 .text.SEGGER_RTT_AllocUpBuffer
                0x080023e0      0x108 ./Components/SEGGER/SEGGER/SEGGER_RTT.o
                0x080023e0                SEGGER_RTT_AllocUpBuffer
 .text.SEGGER_RTT_ConfigDownBuffer
                0x080024e8       0x98 ./Components/SEGGER/SEGGER/SEGGER_RTT.o
                0x080024e8                SEGGER_RTT_ConfigDownBuffer
 .text._EncodeStr
                0x08002580       0x72 ./Components/SEGGER/SEGGER/SEGGER_SYSVIEW.o
 .text._PreparePacket
                0x080025f2       0x18 ./Components/SEGGER/SEGGER/SEGGER_SYSVIEW.o
 *fill*         0x0800260a        0x2 
 .text._HandleIncomingPacket
                0x0800260c       0xdc ./Components/SEGGER/SEGGER/SEGGER_SYSVIEW.o
 .text._TrySendOverflowPacket
                0x080026e8       0xe4 ./Components/SEGGER/SEGGER/SEGGER_SYSVIEW.o
 .text._SendPacket
                0x080027cc      0x2dc ./Components/SEGGER/SEGGER/SEGGER_SYSVIEW.o
 .text.SEGGER_SYSVIEW_Init
                0x08002aa8       0x88 ./Components/SEGGER/SEGGER/SEGGER_SYSVIEW.o
                0x08002aa8                SEGGER_SYSVIEW_Init
 .text.SEGGER_SYSVIEW_SetRAMBase
                0x08002b30       0x20 ./Components/SEGGER/SEGGER/SEGGER_SYSVIEW.o
                0x08002b30                SEGGER_SYSVIEW_SetRAMBase
 .text.SEGGER_SYSVIEW_RecordVoid
                0x08002b50       0x3c ./Components/SEGGER/SEGGER/SEGGER_SYSVIEW.o
                0x08002b50                SEGGER_SYSVIEW_RecordVoid
 .text.SEGGER_SYSVIEW_RecordU32
                0x08002b8c       0x78 ./Components/SEGGER/SEGGER/SEGGER_SYSVIEW.o
                0x08002b8c                SEGGER_SYSVIEW_RecordU32
 .text.SEGGER_SYSVIEW_RecordU32x2
                0x08002c04       0xb4 ./Components/SEGGER/SEGGER/SEGGER_SYSVIEW.o
                0x08002c04                SEGGER_SYSVIEW_RecordU32x2
 .text.SEGGER_SYSVIEW_Start
                0x08002cb8      0x174 ./Components/SEGGER/SEGGER/SEGGER_SYSVIEW.o
                0x08002cb8                SEGGER_SYSVIEW_Start
 .text.SEGGER_SYSVIEW_Stop
                0x08002e2c       0x4c ./Components/SEGGER/SEGGER/SEGGER_SYSVIEW.o
                0x08002e2c                SEGGER_SYSVIEW_Stop
 .text.SEGGER_SYSVIEW_GetSysDesc
                0x08002e78      0x134 ./Components/SEGGER/SEGGER/SEGGER_SYSVIEW.o
                0x08002e78                SEGGER_SYSVIEW_GetSysDesc
 .text.SEGGER_SYSVIEW_SendTaskInfo
                0x08002fac      0x1c8 ./Components/SEGGER/SEGGER/SEGGER_SYSVIEW.o
                0x08002fac                SEGGER_SYSVIEW_SendTaskInfo
 .text.SEGGER_SYSVIEW_SendTaskList
                0x08003174       0x28 ./Components/SEGGER/SEGGER/SEGGER_SYSVIEW.o
                0x08003174                SEGGER_SYSVIEW_SendTaskList
 .text.SEGGER_SYSVIEW_SendSysDesc
                0x0800319c       0x48 ./Components/SEGGER/SEGGER/SEGGER_SYSVIEW.o
                0x0800319c                SEGGER_SYSVIEW_SendSysDesc
 .text.SEGGER_SYSVIEW_RecordSystime
                0x080031e4       0x64 ./Components/SEGGER/SEGGER/SEGGER_SYSVIEW.o
                0x080031e4                SEGGER_SYSVIEW_RecordSystime
 .text.SEGGER_SYSVIEW_RecordEnterISR
                0x08003248       0x84 ./Components/SEGGER/SEGGER/SEGGER_SYSVIEW.o
                0x08003248                SEGGER_SYSVIEW_RecordEnterISR
 .text.SEGGER_SYSVIEW_RecordExitISR
                0x080032cc       0x38 ./Components/SEGGER/SEGGER/SEGGER_SYSVIEW.o
                0x080032cc                SEGGER_SYSVIEW_RecordExitISR
 .text.SEGGER_SYSVIEW_RecordExitISRToScheduler
                0x08003304       0x38 ./Components/SEGGER/SEGGER/SEGGER_SYSVIEW.o
                0x08003304                SEGGER_SYSVIEW_RecordExitISRToScheduler
 .text.SEGGER_SYSVIEW_OnIdle
                0x0800333c       0x38 ./Components/SEGGER/SEGGER/SEGGER_SYSVIEW.o
                0x0800333c                SEGGER_SYSVIEW_OnIdle
 .text.SEGGER_SYSVIEW_OnTaskCreate
                0x08003374       0x84 ./Components/SEGGER/SEGGER/SEGGER_SYSVIEW.o
                0x08003374                SEGGER_SYSVIEW_OnTaskCreate
 .text.SEGGER_SYSVIEW_OnTaskStartExec
                0x080033f8       0x84 ./Components/SEGGER/SEGGER/SEGGER_SYSVIEW.o
                0x080033f8                SEGGER_SYSVIEW_OnTaskStartExec
 .text.SEGGER_SYSVIEW_OnTaskStartReady
                0x0800347c       0x84 ./Components/SEGGER/SEGGER/SEGGER_SYSVIEW.o
                0x0800347c                SEGGER_SYSVIEW_OnTaskStartReady
 .text.SEGGER_SYSVIEW_SendModule
                0x08003500      0x114 ./Components/SEGGER/SEGGER/SEGGER_SYSVIEW.o
                0x08003500                SEGGER_SYSVIEW_SendModule
 .text.SEGGER_SYSVIEW_SendModuleDescription
                0x08003614       0x3c ./Components/SEGGER/SEGGER/SEGGER_SYSVIEW.o
                0x08003614                SEGGER_SYSVIEW_SendModuleDescription
 .text.SEGGER_SYSVIEW_SendNumModules
                0x08003650       0x7c ./Components/SEGGER/SEGGER/SEGGER_SYSVIEW.o
                0x08003650                SEGGER_SYSVIEW_SendNumModules
 .text.SEGGER_SYSVIEW_Warn
                0x080036cc       0xb8 ./Components/SEGGER/SEGGER/SEGGER_SYSVIEW.o
                0x080036cc                SEGGER_SYSVIEW_Warn
 .text.main     0x08003784      0x100 ./Core/Src/main.o
                0x08003784                main
 .text.SystemClock_Config
                0x08003884       0xe4 ./Core/Src/main.o
                0x08003884                SystemClock_Config
 .text.MX_I2C1_Init
                0x08003968       0x5c ./Core/Src/main.o
 .text.MX_GPIO_Init
                0x080039c4      0x140 ./Core/Src/main.o
 .text.sw_press
                0x08003b04       0xc8 ./Core/Src/main.o
 .text.led_control
                0x08003bcc      0x10c ./Core/Src/main.o
 .text.lcd_update
                0x08003cd8      0x134 ./Core/Src/main.o
 .text.HAL_TIM_PeriodElapsedCallback
                0x08003e0c       0x24 ./Core/Src/main.o
                0x08003e0c                HAL_TIM_PeriodElapsedCallback
 .text.Error_Handler
                0x08003e30        0xc ./Core/Src/main.o
                0x08003e30                Error_Handler
 .text.__NVIC_SetPriorityGrouping
                0x08003e3c       0x48 ./Core/Src/stm32f4xx_hal_msp.o
 .text.HAL_MspInit
                0x08003e84       0x50 ./Core/Src/stm32f4xx_hal_msp.o
                0x08003e84                HAL_MspInit
 .text.HAL_I2C_MspInit
                0x08003ed4       0x90 ./Core/Src/stm32f4xx_hal_msp.o
                0x08003ed4                HAL_I2C_MspInit
 .text.HAL_InitTick
                0x08003f64       0xf8 ./Core/Src/stm32f4xx_hal_timebase_tim.o
                0x08003f64                HAL_InitTick
 .text.NMI_Handler
                0x0800405c        0x8 ./Core/Src/stm32f4xx_it.o
                0x0800405c                NMI_Handler
 .text.HardFault_Handler
                0x08004064        0x8 ./Core/Src/stm32f4xx_it.o
                0x08004064                HardFault_Handler
 .text.MemManage_Handler
                0x0800406c        0x8 ./Core/Src/stm32f4xx_it.o
                0x0800406c                MemManage_Handler
 .text.BusFault_Handler
                0x08004074        0x8 ./Core/Src/stm32f4xx_it.o
                0x08004074                BusFault_Handler
 .text.UsageFault_Handler
                0x0800407c        0x8 ./Core/Src/stm32f4xx_it.o
                0x0800407c                UsageFault_Handler
 .text.DebugMon_Handler
                0x08004084        0xe ./Core/Src/stm32f4xx_it.o
                0x08004084                DebugMon_Handler
 *fill*         0x08004092        0x2 
 .text.TIM6_DAC_IRQHandler
                0x08004094       0x14 ./Core/Src/stm32f4xx_it.o
                0x08004094                TIM6_DAC_IRQHandler
 .text.SystemInit
                0x080040a8       0x24 ./Core/Src/system_stm32f4xx.o
                0x080040a8                SystemInit
 .text.Reset_Handler
                0x080040cc       0x50 ./Core/Startup/startup_stm32f446retx.o
                0x080040cc                Reset_Handler
 .text.Default_Handler
                0x0800411c        0x2 ./Core/Startup/startup_stm32f446retx.o
                0x0800411c                DMA1_Stream3_IRQHandler
                0x0800411c                EXTI2_IRQHandler
                0x0800411c                TIM8_CC_IRQHandler
                0x0800411c                FMPI2C1_EV_IRQHandler
                0x0800411c                SPI4_IRQHandler
                0x0800411c                TIM1_CC_IRQHandler
                0x0800411c                DMA2_Stream5_IRQHandler
                0x0800411c                DMA1_Stream5_IRQHandler
                0x0800411c                PVD_IRQHandler
                0x0800411c                SDIO_IRQHandler
                0x0800411c                TAMP_STAMP_IRQHandler
                0x0800411c                CAN2_RX1_IRQHandler
                0x0800411c                EXTI3_IRQHandler
                0x0800411c                TIM8_TRG_COM_TIM14_IRQHandler
                0x0800411c                TIM1_UP_TIM10_IRQHandler
                0x0800411c                TIM8_UP_TIM13_IRQHandler
                0x0800411c                I2C3_ER_IRQHandler
                0x0800411c                EXTI0_IRQHandler
                0x0800411c                I2C2_EV_IRQHandler
                0x0800411c                DMA1_Stream2_IRQHandler
                0x0800411c                CAN1_RX0_IRQHandler
                0x0800411c                FPU_IRQHandler
                0x0800411c                OTG_HS_WKUP_IRQHandler
                0x0800411c                CAN2_SCE_IRQHandler
                0x0800411c                DMA2_Stream2_IRQHandler
                0x0800411c                SPI1_IRQHandler
                0x0800411c                TIM1_BRK_TIM9_IRQHandler
                0x0800411c                DCMI_IRQHandler
                0x0800411c                CAN2_RX0_IRQHandler
                0x0800411c                DMA2_Stream3_IRQHandler
                0x0800411c                SAI2_IRQHandler
                0x0800411c                USART6_IRQHandler
                0x0800411c                USART3_IRQHandler
                0x0800411c                CAN1_RX1_IRQHandler
                0x0800411c                UART5_IRQHandler
                0x0800411c                DMA2_Stream0_IRQHandler
                0x0800411c                TIM4_IRQHandler
                0x0800411c                QUADSPI_IRQHandler
                0x0800411c                I2C1_EV_IRQHandler
                0x0800411c                DMA1_Stream6_IRQHandler
                0x0800411c                DMA1_Stream1_IRQHandler
                0x0800411c                UART4_IRQHandler
                0x0800411c                TIM3_IRQHandler
                0x0800411c                RCC_IRQHandler
                0x0800411c                TIM8_BRK_TIM12_IRQHandler
                0x0800411c                Default_Handler
                0x0800411c                CEC_IRQHandler
                0x0800411c                EXTI15_10_IRQHandler
                0x0800411c                ADC_IRQHandler
                0x0800411c                DMA1_Stream7_IRQHandler
                0x0800411c                TIM7_IRQHandler
                0x0800411c                CAN2_TX_IRQHandler
                0x0800411c                TIM5_IRQHandler
                0x0800411c                DMA2_Stream7_IRQHandler
                0x0800411c                I2C3_EV_IRQHandler
                0x0800411c                EXTI9_5_IRQHandler
                0x0800411c                RTC_WKUP_IRQHandler
                0x0800411c                SPDIF_RX_IRQHandler
                0x0800411c                SPI2_IRQHandler
                0x0800411c                OTG_HS_EP1_IN_IRQHandler
                0x0800411c                DMA1_Stream0_IRQHandler
                0x0800411c                CAN1_TX_IRQHandler
                0x0800411c                FMPI2C1_ER_IRQHandler
                0x0800411c                EXTI4_IRQHandler
                0x0800411c                OTG_HS_EP1_OUT_IRQHandler
                0x0800411c                WWDG_IRQHandler
                0x0800411c                TIM2_IRQHandler
                0x0800411c                OTG_FS_WKUP_IRQHandler
                0x0800411c                TIM1_TRG_COM_TIM11_IRQHandler
                0x0800411c                OTG_HS_IRQHandler
                0x0800411c                EXTI1_IRQHandler
                0x0800411c                USART2_IRQHandler
                0x0800411c                I2C2_ER_IRQHandler
                0x0800411c                DMA2_Stream1_IRQHandler
                0x0800411c                CAN1_SCE_IRQHandler
                0x0800411c                FLASH_IRQHandler
                0x0800411c                DMA2_Stream4_IRQHandler
                0x0800411c                USART1_IRQHandler
                0x0800411c                OTG_FS_IRQHandler
                0x0800411c                SPI3_IRQHandler
                0x0800411c                DMA1_Stream4_IRQHandler
                0x0800411c                I2C1_ER_IRQHandler
                0x0800411c                FMC_IRQHandler
                0x0800411c                DMA2_Stream6_IRQHandler
                0x0800411c                SAI1_IRQHandler
                0x0800411c                RTC_Alarm_IRQHandler
 *fill*         0x0800411e        0x2 
 .text.HAL_Init
                0x08004120       0x44 ./Drivers/STM32F4xx_HAL_Driver/Src/stm32f4xx_hal.o
                0x08004120                HAL_Init
 .text.HAL_IncTick
                0x08004164       0x28 ./Drivers/STM32F4xx_HAL_Driver/Src/stm32f4xx_hal.o
                0x08004164                HAL_IncTick
 .text.HAL_GetTick
                0x0800418c       0x18 ./Drivers/STM32F4xx_HAL_Driver/Src/stm32f4xx_hal.o
                0x0800418c                HAL_GetTick
 .text.HAL_Delay
                0x080041a4       0x48 ./Drivers/STM32F4xx_HAL_Driver/Src/stm32f4xx_hal.o
                0x080041a4                HAL_Delay
 .text.__NVIC_SetPriorityGrouping
                0x080041ec       0x48 ./Drivers/STM32F4xx_HAL_Driver/Src/stm32f4xx_hal_cortex.o
 .text.__NVIC_GetPriorityGrouping
                0x08004234       0x1c ./Drivers/STM32F4xx_HAL_Driver/Src/stm32f4xx_hal_cortex.o
 .text.__NVIC_EnableIRQ
                0x08004250       0x3c ./Drivers/STM32F4xx_HAL_Driver/Src/stm32f4xx_hal_cortex.o
 .text.__NVIC_SetPriority
                0x0800428c       0x54 ./Drivers/STM32F4xx_HAL_Driver/Src/stm32f4xx_hal_cortex.o
 .text.NVIC_EncodePriority
                0x080042e0       0x66 ./Drivers/STM32F4xx_HAL_Driver/Src/stm32f4xx_hal_cortex.o
 .text.HAL_NVIC_SetPriorityGrouping
                0x08004346       0x16 ./Drivers/STM32F4xx_HAL_Driver/Src/stm32f4xx_hal_cortex.o
                0x08004346                HAL_NVIC_SetPriorityGrouping
 .text.HAL_NVIC_SetPriority
                0x0800435c       0x38 ./Drivers/STM32F4xx_HAL_Driver/Src/stm32f4xx_hal_cortex.o
                0x0800435c                HAL_NVIC_SetPriority
 .text.HAL_NVIC_EnableIRQ
                0x08004394       0x1c ./Drivers/STM32F4xx_HAL_Driver/Src/stm32f4xx_hal_cortex.o
                0x08004394                HAL_NVIC_EnableIRQ
 .text.HAL_GPIO_Init
                0x080043b0      0x328 ./Drivers/STM32F4xx_HAL_Driver/Src/stm32f4xx_hal_gpio.o
                0x080043b0                HAL_GPIO_Init
 .text.HAL_GPIO_ReadPin
                0x080046d8       0x30 ./Drivers/STM32F4xx_HAL_Driver/Src/stm32f4xx_hal_gpio.o
                0x080046d8                HAL_GPIO_ReadPin
 .text.HAL_GPIO_WritePin
                0x08004708       0x32 ./Drivers/STM32F4xx_HAL_Driver/Src/stm32f4xx_hal_gpio.o
                0x08004708                HAL_GPIO_WritePin
 *fill*         0x0800473a        0x2 
 .text.HAL_I2C_Init
                0x0800473c      0x288 ./Drivers/STM32F4xx_HAL_Driver/Src/stm32f4xx_hal_i2c.o
                0x0800473c                HAL_I2C_Init
 .text.HAL_I2C_Master_Transmit
                0x080049c4      0x1fc ./Drivers/STM32F4xx_HAL_Driver/Src/stm32f4xx_hal_i2c.o
                0x080049c4                HAL_I2C_Master_Transmit
 .text.I2C_MasterRequestWrite
                0x08004bc0      0x104 ./Drivers/STM32F4xx_HAL_Driver/Src/stm32f4xx_hal_i2c.o
 .text.I2C_WaitOnFlagUntilTimeout
                0x08004cc4       0xf4 ./Drivers/STM32F4xx_HAL_Driver/Src/stm32f4xx_hal_i2c.o
 .text.I2C_WaitOnMasterAddressFlagUntilTimeout
                0x08004db8      0x140 ./Drivers/STM32F4xx_HAL_Driver/Src/stm32f4xx_hal_i2c.o
 .text.I2C_WaitOnTXEFlagUntilTimeout
                0x08004ef8       0x90 ./Drivers/STM32F4xx_HAL_Driver/Src/stm32f4xx_hal_i2c.o
 .text.I2C_WaitOnBTFFlagUntilTimeout
                0x08004f88       0x90 ./Drivers/STM32F4xx_HAL_Driver/Src/stm32f4xx_hal_i2c.o
 .text.I2C_IsAcknowledgeFailed
                0x08005018       0x5e ./Drivers/STM32F4xx_HAL_Driver/Src/stm32f4xx_hal_i2c.o
 *fill*         0x08005076        0x2 
 .text.HAL_PWREx_EnableOverDrive
                0x08005078       0xa0 ./Drivers/STM32F4xx_HAL_Driver/Src/stm32f4xx_hal_pwr_ex.o
                0x08005078                HAL_PWREx_EnableOverDrive
 .text.HAL_RCC_ClockConfig
                0x08005118      0x1cc ./Drivers/STM32F4xx_HAL_Driver/Src/stm32f4xx_hal_rcc.o
                0x08005118                HAL_RCC_ClockConfig
 .text.HAL_RCC_GetHCLKFreq
                0x080052e4       0x18 ./Drivers/STM32F4xx_HAL_Driver/Src/stm32f4xx_hal_rcc.o
                0x080052e4                HAL_RCC_GetHCLKFreq
 .text.HAL_RCC_GetPCLK1Freq
                0x080052fc       0x28 ./Drivers/STM32F4xx_HAL_Driver/Src/stm32f4xx_hal_rcc.o
                0x080052fc                HAL_RCC_GetPCLK1Freq
 .text.HAL_RCC_GetClockConfig
                0x08005324       0x64 ./Drivers/STM32F4xx_HAL_Driver/Src/stm32f4xx_hal_rcc.o
                0x08005324                HAL_RCC_GetClockConfig
 .text.HAL_RCC_GetSysClockFreq
                0x08005388      0x460 ./Drivers/STM32F4xx_HAL_Driver/Src/stm32f4xx_hal_rcc_ex.o
                0x08005388                HAL_RCC_GetSysClockFreq
 .text.HAL_RCC_OscConfig
                0x080057e8      0x53c ./Drivers/STM32F4xx_HAL_Driver/Src/stm32f4xx_hal_rcc_ex.o
                0x080057e8                HAL_RCC_OscConfig
 .text.HAL_TIM_Base_Init
                0x08005d24       0x9e ./Drivers/STM32F4xx_HAL_Driver/Src/stm32f4xx_hal_tim.o
                0x08005d24                HAL_TIM_Base_Init
 .text.HAL_TIM_Base_MspInit
                0x08005dc2       0x14 ./Drivers/STM32F4xx_HAL_Driver/Src/stm32f4xx_hal_tim.o
                0x08005dc2                HAL_TIM_Base_MspInit
 *fill*         0x08005dd6        0x2 
 .text.HAL_TIM_Base_Start_IT
                0x08005dd8       0xe0 ./Drivers/STM32F4xx_HAL_Driver/Src/stm32f4xx_hal_tim.o
                0x08005dd8                HAL_TIM_Base_Start_IT
 .text.HAL_TIM_IRQHandler
                0x08005eb8      0x1e0 ./Drivers/STM32F4xx_HAL_Driver/Src/stm32f4xx_hal_tim.o
                0x08005eb8                HAL_TIM_IRQHandler
 .text.HAL_TIM_OC_DelayElapsedCallback
                0x08006098       0x14 ./Drivers/STM32F4xx_HAL_Driver/Src/stm32f4xx_hal_tim.o
                0x08006098                HAL_TIM_OC_DelayElapsedCallback
 .text.HAL_TIM_IC_CaptureCallback
                0x080060ac       0x14 ./Drivers/STM32F4xx_HAL_Driver/Src/stm32f4xx_hal_tim.o
                0x080060ac                HAL_TIM_IC_CaptureCallback
 .text.HAL_TIM_PWM_PulseFinishedCallback
                0x080060c0       0x14 ./Drivers/STM32F4xx_HAL_Driver/Src/stm32f4xx_hal_tim.o
                0x080060c0                HAL_TIM_PWM_PulseFinishedCallback
 .text.HAL_TIM_TriggerCallback
                0x080060d4       0x14 ./Drivers/STM32F4xx_HAL_Driver/Src/stm32f4xx_hal_tim.o
                0x080060d4                HAL_TIM_TriggerCallback
 .text.TIM_Base_SetConfig
                0x080060e8      0x158 ./Drivers/STM32F4xx_HAL_Driver/Src/stm32f4xx_hal_tim.o
                0x080060e8                TIM_Base_SetConfig
 .text.HAL_TIMEx_CommutCallback
                0x08006240       0x14 ./Drivers/STM32F4xx_HAL_Driver/Src/stm32f4xx_hal_tim_ex.o
                0x08006240                HAL_TIMEx_CommutCallback
 .text.HAL_TIMEx_BreakCallback
                0x08006254       0x14 ./Drivers/STM32F4xx_HAL_Driver/Src/stm32f4xx_hal_tim_ex.o
                0x08006254                HAL_TIMEx_BreakCallback
 .text.memcmp   0x08006268       0x20 /Applications/STM32CubeIDE.app/Contents/Eclipse/plugins/com.st.stm32cube.ide.mcu.externaltools.gnu-tools-for-stm32.12.3.rel1.macos64_1.0.200.202406191456/tools/bin/../lib/gcc/arm-none-eabi/12.3.1/../../../../arm-none-eabi/lib/thumb/v7e-m+fp/hard/libc_nano.a(libc_a-memcmp.o)
                0x08006268                memcmp
 .text.memset   0x08006288       0x10 /Applications/STM32CubeIDE.app/Contents/Eclipse/plugins/com.st.stm32cube.ide.mcu.externaltools.gnu-tools-for-stm32.12.3.rel1.macos64_1.0.200.202406191456/tools/bin/../lib/gcc/arm-none-eabi/12.3.1/../../../../arm-none-eabi/lib/thumb/v7e-m+fp/hard/libc_nano.a(libc_a-memset.o)
                0x08006288                memset
 .text.__libc_init_array
                0x08006298       0x48 /Applications/STM32CubeIDE.app/Contents/Eclipse/plugins/com.st.stm32cube.ide.mcu.externaltools.gnu-tools-for-stm32.12.3.rel1.macos64_1.0.200.202406191456/tools/bin/../lib/gcc/arm-none-eabi/12.3.1/../../../../arm-none-eabi/lib/thumb/v7e-m+fp/hard/libc_nano.a(libc_a-init.o)
                0x08006298                __libc_init_array
 .text.memcpy   0x080062e0       0x1c /Applications/STM32CubeIDE.app/Contents/Eclipse/plugins/com.st.stm32cube.ide.mcu.externaltools.gnu-tools-for-stm32.12.3.rel1.macos64_1.0.200.202406191456/tools/bin/../lib/gcc/arm-none-eabi/12.3.1/../../../../arm-none-eabi/lib/thumb/v7e-m+fp/hard/libc_nano.a(libc_a-memcpy-stub.o)
                0x080062e0                memcpy
 *(.glue_7)
 .glue_7        0x080062fc        0x0 linker stubs
 *(.glue_7t)
 .glue_7t       0x080062fc        0x0 linker stubs
 *(.eh_frame)
 .eh_frame      0x080062fc        0x0 /Applications/STM32CubeIDE.app/Contents/Eclipse/plugins/com.st.stm32cube.ide.mcu.externaltools.gnu-tools-for-stm32.12.3.rel1.macos64_1.0.200.202406191456/tools/bin/../lib/gcc/arm-none-eabi/12.3.1/thumb/v7e-m+fp/hard/crtbegin.o
 *(.init)
 .init          0x080062fc        0x4 /Applications/STM32CubeIDE.app/Contents/Eclipse/plugins/com.st.stm32cube.ide.mcu.externaltools.gnu-tools-for-stm32.12.3.rel1.macos64_1.0.200.202406191456/tools/bin/../lib/gcc/arm-none-eabi/12.3.1/thumb/v7e-m+fp/hard/crti.o
                0x080062fc                _init
 .init          0x08006300        0x8 /Applications/STM32CubeIDE.app/Contents/Eclipse/plugins/com.st.stm32cube.ide.mcu.externaltools.gnu-tools-for-stm32.12.3.rel1.macos64_1.0.200.202406191456/tools/bin/../lib/gcc/arm-none-eabi/12.3.1/thumb/v7e-m+fp/hard/crtn.o
 *(.fini)
 .fini          0x08006308        0x4 /Applications/STM32CubeIDE.app/Contents/Eclipse/plugins/com.st.stm32cube.ide.mcu.externaltools.gnu-tools-for-stm32.12.3.rel1.macos64_1.0.200.202406191456/tools/bin/../lib/gcc/arm-none-eabi/12.3.1/thumb/v7e-m+fp/hard/crti.o
                0x08006308                _fini
 .fini          0x0800630c        0x8 /Applications/STM32CubeIDE.app/Contents/Eclipse/plugins/com.st.stm32cube.ide.mcu.externaltools.gnu-tools-for-stm32.12.3.rel1.macos64_1.0.200.202406191456/tools/bin/../lib/gcc/arm-none-eabi/12.3.1/thumb/v7e-m+fp/hard/crtn.o
                0x08006314                        . = ALIGN (0x4)
                0x08006314                        _etext = .

.vfp11_veneer   0x08006314        0x0
 .vfp11_veneer  0x08006314        0x0 linker stubs

.v4_bx          0x08006314        0x0
 .v4_bx         0x08006314        0x0 linker stubs

.iplt           0x08006314        0x0
 .iplt          0x08006314        0x0 /Applications/STM32CubeIDE.app/Contents/Eclipse/plugins/com.st.stm32cube.ide.mcu.externaltools.gnu-tools-for-stm32.12.3.rel1.macos64_1.0.200.202406191456/tools/bin/../lib/gcc/arm-none-eabi/12.3.1/thumb/v7e-m+fp/hard/crtbegin.o

.rodata         0x08006314      0x1e4
                0x08006314                        . = ALIGN (0x4)
 *(.rodata)
 .rodata        0x08006314        0x5 ./Components/FreeRTOS/Source/tasks.o
 *fill*         0x08006319        0x3 
 .rodata        0x0800631c       0x49 ./Components/SEGGER/Config/SEGGER_SYSVIEW_Config_FreeRTOS.o
 *fill*         0x08006365        0x3 
 .rodata        0x08006368       0x58 ./Components/SEGGER/OS/SEGGER_SYSVIEW_FreeRTOS.o
 .rodata        0x080063c0        0x9 ./Components/SEGGER/SEGGER/SEGGER_RTT.o
 *fill*         0x080063c9        0x3 
 .rodata        0x080063cc       0x10 ./Components/SEGGER/SEGGER/SEGGER_SYSVIEW.o
 .rodata        0x080063dc       0xdc ./Core/Src/main.o
 *(.rodata*)
 .rodata.SYSVIEW_X_OS_TraceAPI
                0x080064b8        0x8 ./Components/SEGGER/OS/SEGGER_SYSVIEW_FreeRTOS.o
                0x080064b8                SYSVIEW_X_OS_TraceAPI
 .rodata._aInitStr.0
                0x080064c0       0x11 ./Components/SEGGER/SEGGER/SEGGER_RTT.o
 *fill*         0x080064d1        0x3 
 .rodata._abSync
                0x080064d4        0xa ./Components/SEGGER/SEGGER/SEGGER_SYSVIEW.o
 *fill*         0x080064de        0x2 
 .rodata.AHBPrescTable
                0x080064e0       0x10 ./Core/Src/system_stm32f4xx.o
                0x080064e0                AHBPrescTable
 .rodata.APBPrescTable
                0x080064f0        0x8 ./Core/Src/system_stm32f4xx.o
                0x080064f0                APBPrescTable
                0x080064f8                        . = ALIGN (0x4)

.ARM.extab      0x080064f8        0x0
                0x080064f8                        . = ALIGN (0x4)
 *(.ARM.extab* .gnu.linkonce.armextab.*)
                0x080064f8                        . = ALIGN (0x4)

.ARM            0x080064f8        0x8
                0x080064f8                        . = ALIGN (0x4)
                0x080064f8                        __exidx_start = .
 *(.ARM.exidx*)
 .ARM.exidx     0x080064f8        0x8 /Applications/STM32CubeIDE.app/Contents/Eclipse/plugins/com.st.stm32cube.ide.mcu.externaltools.gnu-tools-for-stm32.12.3.rel1.macos64_1.0.200.202406191456/tools/bin/../lib/gcc/arm-none-eabi/12.3.1/thumb/v7e-m+fp/hard/libgcc.a(_udivmoddi4.o)
                0x08006500                        __exidx_end = .
                0x08006500                        . = ALIGN (0x4)

.preinit_array  0x08006500        0x0
                0x08006500                        . = ALIGN (0x4)
                0x08006500                        PROVIDE (__preinit_array_start = .)
 *(.preinit_array*)
                0x08006500                        PROVIDE (__preinit_array_end = .)
                0x08006500                        . = ALIGN (0x4)

.init_array     0x08006500        0x4
                0x08006500                        . = ALIGN (0x4)
                0x08006500                        PROVIDE (__init_array_start = .)
 *(SORT_BY_NAME(.init_array.*))
 *(.init_array*)
 .init_array    0x08006500        0x4 /Applications/STM32CubeIDE.app/Contents/Eclipse/plugins/com.st.stm32cube.ide.mcu.externaltools.gnu-tools-for-stm32.12.3.rel1.macos64_1.0.200.202406191456/tools/bin/../lib/gcc/arm-none-eabi/12.3.1/thumb/v7e-m+fp/hard/crtbegin.o
                0x08006504                        PROVIDE (__init_array_end = .)
                0x08006504                        . = ALIGN (0x4)

.fini_array     0x08006504        0x4
                0x08006504                        . = ALIGN (0x4)
                [!provide]                        PROVIDE (__fini_array_start = .)
 *(SORT_BY_NAME(.fini_array.*))
 *(.fini_array*)
 .fini_array    0x08006504        0x4 /Applications/STM32CubeIDE.app/Contents/Eclipse/plugins/com.st.stm32cube.ide.mcu.externaltools.gnu-tools-for-stm32.12.3.rel1.macos64_1.0.200.202406191456/tools/bin/../lib/gcc/arm-none-eabi/12.3.1/thumb/v7e-m+fp/hard/crtbegin.o
                [!provide]                        PROVIDE (__fini_array_end = .)
                0x08006508                        . = ALIGN (0x4)
                0x08006508                        _sidata = LOADADDR (.data)

.rel.dyn        0x08006508        0x0
 .rel.iplt      0x08006508        0x0 /Applications/STM32CubeIDE.app/Contents/Eclipse/plugins/com.st.stm32cube.ide.mcu.externaltools.gnu-tools-for-stm32.12.3.rel1.macos64_1.0.200.202406191456/tools/bin/../lib/gcc/arm-none-eabi/12.3.1/thumb/v7e-m+fp/hard/crtbegin.o

.data           0x20000000       0x14 load address 0x08006508
                0x20000000                        . = ALIGN (0x4)
                0x20000000                        _sdata = .
 *(.data)
 *(.data*)
 .data.uxTopUsedPriority
                0x20000000        0x4 ./Components/FreeRTOS/Source/tasks.o
                0x20000000                uxTopUsedPriority
 .data.uxCriticalNesting
                0x20000004        0x4 ./Components/FreeRTOS/Source/portable/GCC/ARM_CM4F/port.o
 .data.SystemCoreClock
                0x20000008        0x4 ./Core/Src/system_stm32f4xx.o
                0x20000008                SystemCoreClock
 .data.uwTickPrio
                0x2000000c        0x4 ./Drivers/STM32F4xx_HAL_Driver/Src/stm32f4xx_hal.o
                0x2000000c                uwTickPrio
 .data.uwTickFreq
                0x20000010        0x1 ./Drivers/STM32F4xx_HAL_Driver/Src/stm32f4xx_hal.o
                0x20000010                uwTickFreq
 *(.RamFunc)
 *(.RamFunc*)
                0x20000014                        . = ALIGN (0x4)
 *fill*         0x20000011        0x3 
                0x20000014                        _edata = .

.igot.plt       0x20000014        0x0 load address 0x0800651c
 .igot.plt      0x20000014        0x0 /Applications/STM32CubeIDE.app/Contents/Eclipse/plugins/com.st.stm32cube.ide.mcu.externaltools.gnu-tools-for-stm32.12.3.rel1.macos64_1.0.200.202406191456/tools/bin/../lib/gcc/arm-none-eabi/12.3.1/thumb/v7e-m+fp/hard/crtbegin.o
                0x20000014                        . = ALIGN (0x4)

.bss            0x20000014    0x15468 load address 0x0800651c
                0x20000014                        _sbss = .
                0x20000014                        __bss_start__ = _sbss
 *(.bss)
 .bss           0x20000014       0x1c /Applications/STM32CubeIDE.app/Contents/Eclipse/plugins/com.st.stm32cube.ide.mcu.externaltools.gnu-tools-for-stm32.12.3.rel1.macos64_1.0.200.202406191456/tools/bin/../lib/gcc/arm-none-eabi/12.3.1/thumb/v7e-m+fp/hard/crtbegin.o
 *(.bss*)
 .bss.pxCurrentTCB
                0x20000030        0x4 ./Components/FreeRTOS/Source/tasks.o
                0x20000030                pxCurrentTCB
 .bss.pxReadyTasksLists
                0x20000034       0x64 ./Components/FreeRTOS/Source/tasks.o
 .bss.xDelayedTaskList1
                0x20000098       0x14 ./Components/FreeRTOS/Source/tasks.o
 .bss.xDelayedTaskList2
                0x200000ac       0x14 ./Components/FreeRTOS/Source/tasks.o
 .bss.pxDelayedTaskList
                0x200000c0        0x4 ./Components/FreeRTOS/Source/tasks.o
 .bss.pxOverflowDelayedTaskList
                0x200000c4        0x4 ./Components/FreeRTOS/Source/tasks.o
 .bss.xPendingReadyList
                0x200000c8       0x14 ./Components/FreeRTOS/Source/tasks.o
 .bss.xTasksWaitingTermination
                0x200000dc       0x14 ./Components/FreeRTOS/Source/tasks.o
 .bss.uxDeletedTasksWaitingCleanUp
                0x200000f0        0x4 ./Components/FreeRTOS/Source/tasks.o
 .bss.xSuspendedTaskList
                0x200000f4       0x14 ./Components/FreeRTOS/Source/tasks.o
 .bss.uxCurrentNumberOfTasks
                0x20000108        0x4 ./Components/FreeRTOS/Source/tasks.o
 .bss.xTickCount
                0x2000010c        0x4 ./Components/FreeRTOS/Source/tasks.o
 .bss.uxTopReadyPriority
                0x20000110        0x4 ./Components/FreeRTOS/Source/tasks.o
 .bss.xSchedulerRunning
                0x20000114        0x4 ./Components/FreeRTOS/Source/tasks.o
 .bss.xPendedTicks
                0x20000118        0x4 ./Components/FreeRTOS/Source/tasks.o
 .bss.xYieldPending
                0x2000011c        0x4 ./Components/FreeRTOS/Source/tasks.o
 .bss.xNumOfOverflows
                0x20000120        0x4 ./Components/FreeRTOS/Source/tasks.o
 .bss.uxTaskNumber
                0x20000124        0x4 ./Components/FreeRTOS/Source/tasks.o
 .bss.xNextTaskUnblockTime
                0x20000128        0x4 ./Components/FreeRTOS/Source/tasks.o
 .bss.xIdleTaskHandle
                0x2000012c        0x4 ./Components/FreeRTOS/Source/tasks.o
 .bss.uxSchedulerSuspended
                0x20000130        0x4 ./Components/FreeRTOS/Source/tasks.o
 .bss.ucMaxSysCallPriority
                0x20000134        0x1 ./Components/FreeRTOS/Source/portable/GCC/ARM_CM4F/port.o
 *fill*         0x20000135        0x3 
 .bss.ulMaxPRIGROUPValue
                0x20000138        0x4 ./Components/FreeRTOS/Source/portable/GCC/ARM_CM4F/port.o
 .bss.ucHeap    0x2000013c    0x12c00 ./Components/FreeRTOS/Source/portable/MemMang/heap_4.o
 .bss.xStart    0x20012d3c        0x8 ./Components/FreeRTOS/Source/portable/MemMang/heap_4.o
 .bss.pxEnd     0x20012d44        0x4 ./Components/FreeRTOS/Source/portable/MemMang/heap_4.o
 .bss.xFreeBytesRemaining
                0x20012d48        0x4 ./Components/FreeRTOS/Source/portable/MemMang/heap_4.o
 .bss.xMinimumEverFreeBytesRemaining
                0x20012d4c        0x4 ./Components/FreeRTOS/Source/portable/MemMang/heap_4.o
 .bss.xNumberOfSuccessfulAllocations
                0x20012d50        0x4 ./Components/FreeRTOS/Source/portable/MemMang/heap_4.o
 .bss.xNumberOfSuccessfulFrees
                0x20012d54        0x4 ./Components/FreeRTOS/Source/portable/MemMang/heap_4.o
 .bss._aTasks   0x20012d58       0xa0 ./Components/SEGGER/OS/SEGGER_SYSVIEW_FreeRTOS.o
 .bss._NumTasks
                0x20012df8        0x4 ./Components/SEGGER/OS/SEGGER_SYSVIEW_FreeRTOS.o
 .bss._SEGGER_RTT
                0x20012dfc       0xa8 ./Components/SEGGER/SEGGER/SEGGER_RTT.o
                0x20012dfc                _SEGGER_RTT
 .bss._acUpBuffer
                0x20012ea4      0x400 ./Components/SEGGER/SEGGER/SEGGER_RTT.o
 .bss._acDownBuffer
                0x200132a4       0x10 ./Components/SEGGER/SEGGER/SEGGER_RTT.o
 .bss._UpBuffer
                0x200132b4     0x2000 ./Components/SEGGER/SEGGER/SEGGER_SYSVIEW.o
 .bss._DownBuffer
                0x200152b4        0x8 ./Components/SEGGER/SEGGER/SEGGER_SYSVIEW.o
 .bss._SYSVIEW_Globals
                0x200152bc       0x28 ./Components/SEGGER/SEGGER/SEGGER_SYSVIEW.o
 .bss._pFirstModule
                0x200152e4        0x4 ./Components/SEGGER/SEGGER/SEGGER_SYSVIEW.o
 .bss._NumModules
                0x200152e8        0x1 ./Components/SEGGER/SEGGER/SEGGER_SYSVIEW.o
 *fill*         0x200152e9        0x3 
 .bss._aPacket  0x200152ec       0xe3 ./Components/SEGGER/SEGGER/SEGGER_SYSVIEW.o
 *fill*         0x200153cf        0x1 
 .bss.hi2c1     0x200153d0       0x54 ./Core/Src/main.o
                0x200153d0                hi2c1
 .bss.sw_press_handle
                0x20015424        0x4 ./Core/Src/main.o
                0x20015424                sw_press_handle
 .bss.led_control_handle
                0x20015428        0x4 ./Core/Src/main.o
                0x20015428                led_control_handle
 .bss.lcd_update_handle
                0x2001542c        0x4 ./Core/Src/main.o
                0x2001542c                lcd_update_handle
 .bss.htim6     0x20015430       0x48 ./Core/Src/stm32f4xx_hal_timebase_tim.o
                0x20015430                htim6
 .bss.uwTick    0x20015478        0x4 ./Drivers/STM32F4xx_HAL_Driver/Src/stm32f4xx_hal.o
                0x20015478                uwTick
 *(COMMON)
                0x2001547c                        . = ALIGN (0x4)
                0x2001547c                        _ebss = .
                0x2001547c                        __bss_end__ = _ebss

._user_heap_stack
                0x2001547c      0x604 load address 0x0800651c
                0x20015480                        . = ALIGN (0x8)
 *fill*         0x2001547c        0x4 
                [!provide]                        PROVIDE (end = .)
                0x20015480                        PROVIDE (_end = .)
                0x20015680                        . = (. + _Min_Heap_Size)
 *fill*         0x20015480      0x200 
                0x20015a80                        . = (. + _Min_Stack_Size)
 *fill*         0x20015680      0x400 
                0x20015a80                        . = ALIGN (0x8)

/DISCARD/
 libc.a(*)
 libm.a(*)
 libgcc.a(*)

.ARM.attributes
                0x00000000       0x30
 *(.ARM.attributes)
 .ARM.attributes
                0x00000000       0x22 /Applications/STM32CubeIDE.app/Contents/Eclipse/plugins/com.st.stm32cube.ide.mcu.externaltools.gnu-tools-for-stm32.12.3.rel1.macos64_1.0.200.202406191456/tools/bin/../lib/gcc/arm-none-eabi/12.3.1/thumb/v7e-m+fp/hard/crti.o
 .ARM.attributes
                0x00000022       0x34 /Applications/STM32CubeIDE.app/Contents/Eclipse/plugins/com.st.stm32cube.ide.mcu.externaltools.gnu-tools-for-stm32.12.3.rel1.macos64_1.0.200.202406191456/tools/bin/../lib/gcc/arm-none-eabi/12.3.1/thumb/v7e-m+fp/hard/crtbegin.o
 .ARM.attributes
                0x00000056       0x34 ./Components/FreeRTOS/Source/list.o
 .ARM.attributes
                0x0000008a       0x34 ./Components/FreeRTOS/Source/tasks.o
 .ARM.attributes
                0x000000be       0x34 ./Components/FreeRTOS/Source/portable/GCC/ARM_CM4F/port.o
 .ARM.attributes
                0x000000f2       0x34 ./Components/FreeRTOS/Source/portable/MemMang/heap_4.o
 .ARM.attributes
                0x00000126       0x34 ./Components/I2C_LCD/LCD_I2C.o
 .ARM.attributes
                0x0000015a       0x34 ./Components/SEGGER/Config/SEGGER_SYSVIEW_Config_FreeRTOS.o
 .ARM.attributes
                0x0000018e       0x34 ./Components/SEGGER/OS/SEGGER_SYSVIEW_FreeRTOS.o
 .ARM.attributes
                0x000001c2       0x34 ./Components/SEGGER/SEGGER/SEGGER_RTT.o
 .ARM.attributes
                0x000001f6       0x20 ./Components/SEGGER/SEGGER/SEGGER_RTT_ASM_ARMv7M.o
 .ARM.attributes
                0x00000216       0x34 ./Components/SEGGER/SEGGER/SEGGER_SYSVIEW.o
 .ARM.attributes
                0x0000024a       0x34 ./Core/Src/main.o
 .ARM.attributes
                0x0000027e       0x34 ./Core/Src/stm32f4xx_hal_msp.o
 .ARM.attributes
                0x000002b2       0x34 ./Core/Src/stm32f4xx_hal_timebase_tim.o
 .ARM.attributes
                0x000002e6       0x34 ./Core/Src/stm32f4xx_it.o
 .ARM.attributes
                0x0000031a       0x34 ./Core/Src/system_stm32f4xx.o
 .ARM.attributes
                0x0000034e       0x21 ./Core/Startup/startup_stm32f446retx.o
 .ARM.attributes
                0x0000036f       0x34 ./Drivers/STM32F4xx_HAL_Driver/Src/stm32f4xx_hal.o
 .ARM.attributes
                0x000003a3       0x34 ./Drivers/STM32F4xx_HAL_Driver/Src/stm32f4xx_hal_cortex.o
 .ARM.attributes
                0x000003d7       0x34 ./Drivers/STM32F4xx_HAL_Driver/Src/stm32f4xx_hal_gpio.o
 .ARM.attributes
                0x0000040b       0x34 ./Drivers/STM32F4xx_HAL_Driver/Src/stm32f4xx_hal_i2c.o
 .ARM.attributes
                0x0000043f       0x34 ./Drivers/STM32F4xx_HAL_Driver/Src/stm32f4xx_hal_pwr_ex.o
 .ARM.attributes
                0x00000473       0x34 ./Drivers/STM32F4xx_HAL_Driver/Src/stm32f4xx_hal_rcc.o
 .ARM.attributes
                0x000004a7       0x34 ./Drivers/STM32F4xx_HAL_Driver/Src/stm32f4xx_hal_rcc_ex.o
 .ARM.attributes
                0x000004db       0x34 ./Drivers/STM32F4xx_HAL_Driver/Src/stm32f4xx_hal_tim.o
 .ARM.attributes
                0x0000050f       0x34 ./Drivers/STM32F4xx_HAL_Driver/Src/stm32f4xx_hal_tim_ex.o
 .ARM.attributes
                0x00000543       0x34 /Applications/STM32CubeIDE.app/Contents/Eclipse/plugins/com.st.stm32cube.ide.mcu.externaltools.gnu-tools-for-stm32.12.3.rel1.macos64_1.0.200.202406191456/tools/bin/../lib/gcc/arm-none-eabi/12.3.1/../../../../arm-none-eabi/lib/thumb/v7e-m+fp/hard/libc_nano.a(libc_a-memcmp.o)
 .ARM.attributes
                0x00000577       0x34 /Applications/STM32CubeIDE.app/Contents/Eclipse/plugins/com.st.stm32cube.ide.mcu.externaltools.gnu-tools-for-stm32.12.3.rel1.macos64_1.0.200.202406191456/tools/bin/../lib/gcc/arm-none-eabi/12.3.1/../../../../arm-none-eabi/lib/thumb/v7e-m+fp/hard/libc_nano.a(libc_a-memset.o)
 .ARM.attributes
                0x000005ab       0x34 /Applications/STM32CubeIDE.app/Contents/Eclipse/plugins/com.st.stm32cube.ide.mcu.externaltools.gnu-tools-for-stm32.12.3.rel1.macos64_1.0.200.202406191456/tools/bin/../lib/gcc/arm-none-eabi/12.3.1/../../../../arm-none-eabi/lib/thumb/v7e-m+fp/hard/libc_nano.a(libc_a-init.o)
 .ARM.attributes
                0x000005df       0x34 /Applications/STM32CubeIDE.app/Contents/Eclipse/plugins/com.st.stm32cube.ide.mcu.externaltools.gnu-tools-for-stm32.12.3.rel1.macos64_1.0.200.202406191456/tools/bin/../lib/gcc/arm-none-eabi/12.3.1/../../../../arm-none-eabi/lib/thumb/v7e-m+fp/hard/libc_nano.a(libc_a-memcpy-stub.o)
 .ARM.attributes
                0x00000613       0x22 /Applications/STM32CubeIDE.app/Contents/Eclipse/plugins/com.st.stm32cube.ide.mcu.externaltools.gnu-tools-for-stm32.12.3.rel1.macos64_1.0.200.202406191456/tools/bin/../lib/gcc/arm-none-eabi/12.3.1/thumb/v7e-m+fp/hard/libgcc.a(_aeabi_uldivmod.o)
 .ARM.attributes
                0x00000635       0x34 /Applications/STM32CubeIDE.app/Contents/Eclipse/plugins/com.st.stm32cube.ide.mcu.externaltools.gnu-tools-for-stm32.12.3.rel1.macos64_1.0.200.202406191456/tools/bin/../lib/gcc/arm-none-eabi/12.3.1/thumb/v7e-m+fp/hard/libgcc.a(_udivmoddi4.o)
 .ARM.attributes
                0x00000669       0x22 /Applications/STM32CubeIDE.app/Contents/Eclipse/plugins/com.st.stm32cube.ide.mcu.externaltools.gnu-tools-for-stm32.12.3.rel1.macos64_1.0.200.202406191456/tools/bin/../lib/gcc/arm-none-eabi/12.3.1/thumb/v7e-m+fp/hard/libgcc.a(_dvmd_tls.o)
 .ARM.attributes
                0x0000068b       0x22 /Applications/STM32CubeIDE.app/Contents/Eclipse/plugins/com.st.stm32cube.ide.mcu.externaltools.gnu-tools-for-stm32.12.3.rel1.macos64_1.0.200.202406191456/tools/bin/../lib/gcc/arm-none-eabi/12.3.1/thumb/v7e-m+fp/hard/crtn.o
OUTPUT(EMotoRad_A.elf elf32-littlearm)
LOAD linker stubs
LOAD /Applications/STM32CubeIDE.app/Contents/Eclipse/plugins/com.st.stm32cube.ide.mcu.externaltools.gnu-tools-for-stm32.12.3.rel1.macos64_1.0.200.202406191456/tools/bin/../lib/gcc/arm-none-eabi/12.3.1/../../../../arm-none-eabi/lib/thumb/v7e-m+fp/hard/libc.a
LOAD /Applications/STM32CubeIDE.app/Contents/Eclipse/plugins/com.st.stm32cube.ide.mcu.externaltools.gnu-tools-for-stm32.12.3.rel1.macos64_1.0.200.202406191456/tools/bin/../lib/gcc/arm-none-eabi/12.3.1/../../../../arm-none-eabi/lib/thumb/v7e-m+fp/hard/libm.a
LOAD /Applications/STM32CubeIDE.app/Contents/Eclipse/plugins/com.st.stm32cube.ide.mcu.externaltools.gnu-tools-for-stm32.12.3.rel1.macos64_1.0.200.202406191456/tools/bin/../lib/gcc/arm-none-eabi/12.3.1/thumb/v7e-m+fp/hard/libgcc.a

.debug_info     0x00000000    0x1685a
 .debug_info    0x00000000      0x2b6 ./Components/FreeRTOS/Source/list.o
 .debug_info    0x000002b6     0x249c ./Components/FreeRTOS/Source/tasks.o
 .debug_info    0x00002752      0x503 ./Components/FreeRTOS/Source/portable/GCC/ARM_CM4F/port.o
 .debug_info    0x00002c55      0x52a ./Components/FreeRTOS/Source/portable/MemMang/heap_4.o
 .debug_info    0x0000317f      0x72d ./Components/I2C_LCD/LCD_I2C.o
 .debug_info    0x000038ac      0x181 ./Components/SEGGER/Config/SEGGER_SYSVIEW_Config_FreeRTOS.o
 .debug_info    0x00003a2d      0x426 ./Components/SEGGER/OS/SEGGER_SYSVIEW_FreeRTOS.o
 .debug_info    0x00003e53     0x14d5 ./Components/SEGGER/SEGGER/SEGGER_RTT.o
 .debug_info    0x00005328       0x25 ./Components/SEGGER/SEGGER/SEGGER_RTT_ASM_ARMv7M.o
 .debug_info    0x0000534d     0x434a ./Components/SEGGER/SEGGER/SEGGER_SYSVIEW.o
 .debug_info    0x00009697     0x136c ./Core/Src/main.o
 .debug_info    0x0000aa03      0xbeb ./Core/Src/stm32f4xx_hal_msp.o
 .debug_info    0x0000b5ee      0xc44 ./Core/Src/stm32f4xx_hal_timebase_tim.o
 .debug_info    0x0000c232      0x6ab ./Core/Src/stm32f4xx_it.o
 .debug_info    0x0000c8dd      0x54a ./Core/Src/system_stm32f4xx.o
 .debug_info    0x0000ce27       0x30 ./Core/Startup/startup_stm32f446retx.o
 .debug_info    0x0000ce57      0x99a ./Drivers/STM32F4xx_HAL_Driver/Src/stm32f4xx_hal.o
 .debug_info    0x0000d7f1      0xdaa ./Drivers/STM32F4xx_HAL_Driver/Src/stm32f4xx_hal_cortex.o
 .debug_info    0x0000e59b      0x70b ./Drivers/STM32F4xx_HAL_Driver/Src/stm32f4xx_hal_gpio.o
 .debug_info    0x0000eca6     0x2421 ./Drivers/STM32F4xx_HAL_Driver/Src/stm32f4xx_hal_i2c.o
 .debug_info    0x000110c7      0x6da ./Drivers/STM32F4xx_HAL_Driver/Src/stm32f4xx_hal_pwr_ex.o
 .debug_info    0x000117a1      0x8eb ./Drivers/STM32F4xx_HAL_Driver/Src/stm32f4xx_hal_rcc.o
 .debug_info    0x0001208c      0x956 ./Drivers/STM32F4xx_HAL_Driver/Src/stm32f4xx_hal_rcc_ex.o
 .debug_info    0x000129e2     0x299d ./Drivers/STM32F4xx_HAL_Driver/Src/stm32f4xx_hal_tim.o
 .debug_info    0x0001537f     0x14db ./Drivers/STM32F4xx_HAL_Driver/Src/stm32f4xx_hal_tim_ex.o

.debug_abbrev   0x00000000     0x3233
 .debug_abbrev  0x00000000       0xf5 ./Components/FreeRTOS/Source/list.o
 .debug_abbrev  0x000000f5      0x380 ./Components/FreeRTOS/Source/tasks.o
 .debug_abbrev  0x00000475      0x25a ./Components/FreeRTOS/Source/portable/GCC/ARM_CM4F/port.o
 .debug_abbrev  0x000006cf      0x256 ./Components/FreeRTOS/Source/portable/MemMang/heap_4.o
 .debug_abbrev  0x00000925      0x1a7 ./Components/I2C_LCD/LCD_I2C.o
 .debug_abbrev  0x00000acc       0xee ./Components/SEGGER/Config/SEGGER_SYSVIEW_Config_FreeRTOS.o
 .debug_abbrev  0x00000bba      0x1c0 ./Components/SEGGER/OS/SEGGER_SYSVIEW_FreeRTOS.o
 .debug_abbrev  0x00000d7a      0x230 ./Components/SEGGER/SEGGER/SEGGER_RTT.o
 .debug_abbrev  0x00000faa       0x14 ./Components/SEGGER/SEGGER/SEGGER_RTT_ASM_ARMv7M.o
 .debug_abbrev  0x00000fbe      0x340 ./Components/SEGGER/SEGGER/SEGGER_SYSVIEW.o
 .debug_abbrev  0x000012fe      0x382 ./Core/Src/main.o
 .debug_abbrev  0x00001680      0x1c7 ./Core/Src/stm32f4xx_hal_msp.o
 .debug_abbrev  0x00001847      0x1f4 ./Core/Src/stm32f4xx_hal_timebase_tim.o
 .debug_abbrev  0x00001a3b      0x17d ./Core/Src/stm32f4xx_it.o
 .debug_abbrev  0x00001bb8      0x11a ./Core/Src/system_stm32f4xx.o
 .debug_abbrev  0x00001cd2       0x24 ./Core/Startup/startup_stm32f446retx.o
 .debug_abbrev  0x00001cf6      0x214 ./Drivers/STM32F4xx_HAL_Driver/Src/stm32f4xx_hal.o
 .debug_abbrev  0x00001f0a      0x31d ./Drivers/STM32F4xx_HAL_Driver/Src/stm32f4xx_hal_cortex.o
 .debug_abbrev  0x00002227      0x1d4 ./Drivers/STM32F4xx_HAL_Driver/Src/stm32f4xx_hal_gpio.o
 .debug_abbrev  0x000023fb      0x2ad ./Drivers/STM32F4xx_HAL_Driver/Src/stm32f4xx_hal_i2c.o
 .debug_abbrev  0x000026a8      0x1cf ./Drivers/STM32F4xx_HAL_Driver/Src/stm32f4xx_hal_pwr_ex.o
 .debug_abbrev  0x00002877      0x2b7 ./Drivers/STM32F4xx_HAL_Driver/Src/stm32f4xx_hal_rcc.o
 .debug_abbrev  0x00002b2e      0x20a ./Drivers/STM32F4xx_HAL_Driver/Src/stm32f4xx_hal_rcc_ex.o
 .debug_abbrev  0x00002d38      0x278 ./Drivers/STM32F4xx_HAL_Driver/Src/stm32f4xx_hal_tim.o
 .debug_abbrev  0x00002fb0      0x283 ./Drivers/STM32F4xx_HAL_Driver/Src/stm32f4xx_hal_tim_ex.o

.debug_aranges  0x00000000     0x1530
 .debug_aranges
                0x00000000       0x40 ./Components/FreeRTOS/Source/list.o
 .debug_aranges
                0x00000040      0x1f0 ./Components/FreeRTOS/Source/tasks.o
 .debug_aranges
                0x00000230       0x80 ./Components/FreeRTOS/Source/portable/GCC/ARM_CM4F/port.o
 .debug_aranges
                0x000002b0       0x60 ./Components/FreeRTOS/Source/portable/MemMang/heap_4.o
 .debug_aranges
                0x00000310       0x38 ./Components/I2C_LCD/LCD_I2C.o
 .debug_aranges
                0x00000348       0x28 ./Components/SEGGER/Config/SEGGER_SYSVIEW_Config_FreeRTOS.o
 .debug_aranges
                0x00000370       0x48 ./Components/SEGGER/OS/SEGGER_SYSVIEW_FreeRTOS.o
 .debug_aranges
                0x000003b8      0x138 ./Components/SEGGER/SEGGER/SEGGER_RTT.o
 .debug_aranges
                0x000004f0       0x20 ./Components/SEGGER/SEGGER/SEGGER_RTT_ASM_ARMv7M.o
 .debug_aranges
                0x00000510      0x300 ./Components/SEGGER/SEGGER/SEGGER_SYSVIEW.o
 .debug_aranges
                0x00000810       0x60 ./Core/Src/main.o
 .debug_aranges
                0x00000870       0x38 ./Core/Src/stm32f4xx_hal_msp.o
 .debug_aranges
                0x000008a8       0x30 ./Core/Src/stm32f4xx_hal_timebase_tim.o
 .debug_aranges
                0x000008d8       0x50 ./Core/Src/stm32f4xx_it.o
 .debug_aranges
                0x00000928       0x28 ./Core/Src/system_stm32f4xx.o
 .debug_aranges
                0x00000950       0x28 ./Core/Startup/startup_stm32f446retx.o
 .debug_aranges
                0x00000978       0xf0 ./Drivers/STM32F4xx_HAL_Driver/Src/stm32f4xx_hal.o
 .debug_aranges
                0x00000a68      0x130 ./Drivers/STM32F4xx_HAL_Driver/Src/stm32f4xx_hal_cortex.o
 .debug_aranges
                0x00000b98       0x58 ./Drivers/STM32F4xx_HAL_Driver/Src/stm32f4xx_hal_gpio.o
 .debug_aranges
                0x00000bf0      0x2a8 ./Drivers/STM32F4xx_HAL_Driver/Src/stm32f4xx_hal_i2c.o
 .debug_aranges
                0x00000e98       0x60 ./Drivers/STM32F4xx_HAL_Driver/Src/stm32f4xx_hal_pwr_ex.o
 .debug_aranges
                0x00000ef8       0x88 ./Drivers/STM32F4xx_HAL_Driver/Src/stm32f4xx_hal_rcc.o
 .debug_aranges
                0x00000f80       0x78 ./Drivers/STM32F4xx_HAL_Driver/Src/stm32f4xx_hal_rcc_ex.o
 .debug_aranges
                0x00000ff8      0x3d0 ./Drivers/STM32F4xx_HAL_Driver/Src/stm32f4xx_hal_tim.o
 .debug_aranges
                0x000013c8      0x168 ./Drivers/STM32F4xx_HAL_Driver/Src/stm32f4xx_hal_tim_ex.o

.debug_rnglists
                0x00000000     0x107c
 .debug_rnglists
                0x00000000       0x2b ./Components/FreeRTOS/Source/list.o
 .debug_rnglists
                0x0000002b      0x18e ./Components/FreeRTOS/Source/tasks.o
 .debug_rnglists
                0x000001b9       0x5d ./Components/FreeRTOS/Source/portable/GCC/ARM_CM4F/port.o
 .debug_rnglists
                0x00000216       0x48 ./Components/FreeRTOS/Source/portable/MemMang/heap_4.o
 .debug_rnglists
                0x0000025e       0x25 ./Components/I2C_LCD/LCD_I2C.o
 .debug_rnglists
                0x00000283       0x19 ./Components/SEGGER/Config/SEGGER_SYSVIEW_Config_FreeRTOS.o
 .debug_rnglists
                0x0000029c       0x36 ./Components/SEGGER/OS/SEGGER_SYSVIEW_FreeRTOS.o
 .debug_rnglists
                0x000002d2       0xf5 ./Components/SEGGER/SEGGER/SEGGER_RTT.o
 .debug_rnglists
                0x000003c7      0x268 ./Components/SEGGER/SEGGER/SEGGER_SYSVIEW.o
 .debug_rnglists
                0x0000062f       0x49 ./Core/Src/main.o
 .debug_rnglists
                0x00000678       0x26 ./Core/Src/stm32f4xx_hal_msp.o
 .debug_rnglists
                0x0000069e       0x20 ./Core/Src/stm32f4xx_hal_timebase_tim.o
 .debug_rnglists
                0x000006be       0x37 ./Core/Src/stm32f4xx_it.o
 .debug_rnglists
                0x000006f5       0x1a ./Core/Src/system_stm32f4xx.o
 .debug_rnglists
                0x0000070f       0x19 ./Core/Startup/startup_stm32f446retx.o
 .debug_rnglists
                0x00000728       0xaf ./Drivers/STM32F4xx_HAL_Driver/Src/stm32f4xx_hal.o
 .debug_rnglists
                0x000007d7       0xe0 ./Drivers/STM32F4xx_HAL_Driver/Src/stm32f4xx_hal_cortex.o
 .debug_rnglists
                0x000008b7       0x3f ./Drivers/STM32F4xx_HAL_Driver/Src/stm32f4xx_hal_gpio.o
 .debug_rnglists
                0x000008f6      0x23c ./Drivers/STM32F4xx_HAL_Driver/Src/stm32f4xx_hal_i2c.o
 .debug_rnglists
                0x00000b32       0x47 ./Drivers/STM32F4xx_HAL_Driver/Src/stm32f4xx_hal_pwr_ex.o
 .debug_rnglists
                0x00000b79       0x66 ./Drivers/STM32F4xx_HAL_Driver/Src/stm32f4xx_hal_rcc.o
 .debug_rnglists
                0x00000bdf       0x5e ./Drivers/STM32F4xx_HAL_Driver/Src/stm32f4xx_hal_rcc_ex.o
 .debug_rnglists
                0x00000c3d      0x31a ./Drivers/STM32F4xx_HAL_Driver/Src/stm32f4xx_hal_tim.o
 .debug_rnglists
                0x00000f57      0x125 ./Drivers/STM32F4xx_HAL_Driver/Src/stm32f4xx_hal_tim_ex.o

.debug_macro    0x00000000    0x21d3b
 .debug_macro   0x00000000      0x1ff ./Components/FreeRTOS/Source/list.o
 .debug_macro   0x000001ff      0x2e5 ./Components/FreeRTOS/Source/tasks.o
 .debug_macro   0x000004e4       0x17 ./Components/FreeRTOS/Source/tasks.o
 .debug_macro   0x000004fb      0x20e ./Components/FreeRTOS/Source/portable/GCC/ARM_CM4F/port.o
 .debug_macro   0x00000709      0x280 ./Components/FreeRTOS/Source/portable/MemMang/heap_4.o
 .debug_macro   0x00000989      0x1ec ./Components/I2C_LCD/LCD_I2C.o
 .debug_macro   0x00000b75      0x29b ./Components/I2C_LCD/LCD_I2C.o
 .debug_macro   0x00000e10       0x2e ./Components/I2C_LCD/LCD_I2C.o
 .debug_macro   0x00000e3e       0x28 ./Components/I2C_LCD/LCD_I2C.o
 .debug_macro   0x00000e66       0x1c ./Components/I2C_LCD/LCD_I2C.o
 .debug_macro   0x00000e82       0x22 ./Components/I2C_LCD/LCD_I2C.o
 .debug_macro   0x00000ea4       0xfb ./Components/I2C_LCD/LCD_I2C.o
 .debug_macro   0x00000f9f     0x1011 ./Components/I2C_LCD/LCD_I2C.o
 .debug_macro   0x00001fb0      0x11f ./Components/I2C_LCD/LCD_I2C.o
 .debug_macro   0x000020cf    0x16749 ./Components/I2C_LCD/LCD_I2C.o
 .debug_macro   0x00018818       0x6d ./Components/I2C_LCD/LCD_I2C.o
 .debug_macro   0x00018885     0x369a ./Components/I2C_LCD/LCD_I2C.o
 .debug_macro   0x0001bf1f       0x5c ./Components/I2C_LCD/LCD_I2C.o
 .debug_macro   0x0001bf7b      0xca5 ./Components/I2C_LCD/LCD_I2C.o
 .debug_macro   0x0001cc20      0x9e9 ./Components/I2C_LCD/LCD_I2C.o
 .debug_macro   0x0001d609      0x115 ./Components/I2C_LCD/LCD_I2C.o
 .debug_macro   0x0001d71e      0x1a0 ./Components/I2C_LCD/LCD_I2C.o
 .debug_macro   0x0001d8be       0xa5 ./Components/I2C_LCD/LCD_I2C.o
 .debug_macro   0x0001d963      0x16d ./Components/I2C_LCD/LCD_I2C.o
 .debug_macro   0x0001dad0      0x287 ./Components/I2C_LCD/LCD_I2C.o
 .debug_macro   0x0001dd57       0x5f ./Components/I2C_LCD/LCD_I2C.o
 .debug_macro   0x0001ddb6      0x236 ./Components/I2C_LCD/LCD_I2C.o
 .debug_macro   0x0001dfec      0x132 ./Components/I2C_LCD/LCD_I2C.o
 .debug_macro   0x0001e11e      0x29c ./Components/I2C_LCD/LCD_I2C.o
 .debug_macro   0x0001e3ba       0x2e ./Components/I2C_LCD/LCD_I2C.o
 .debug_macro   0x0001e3e8      0x1b5 ./Components/I2C_LCD/LCD_I2C.o
 .debug_macro   0x0001e59d       0x22 ./Components/I2C_LCD/LCD_I2C.o
 .debug_macro   0x0001e5bf       0xd6 ./Components/I2C_LCD/LCD_I2C.o
 .debug_macro   0x0001e695      0x127 ./Components/I2C_LCD/LCD_I2C.o
 .debug_macro   0x0001e7bc       0xe8 ./Components/I2C_LCD/LCD_I2C.o
 .debug_macro   0x0001e8a4       0x89 ./Components/I2C_LCD/LCD_I2C.o
 .debug_macro   0x0001e92d      0x8ed ./Components/I2C_LCD/LCD_I2C.o
 .debug_macro   0x0001f21a       0x53 ./Components/I2C_LCD/LCD_I2C.o
 .debug_macro   0x0001f26d      0x126 ./Components/I2C_LCD/LCD_I2C.o
 .debug_macro   0x0001f393       0x34 ./Components/I2C_LCD/LCD_I2C.o
 .debug_macro   0x0001f3c7      0x142 ./Components/SEGGER/Config/SEGGER_SYSVIEW_Config_FreeRTOS.o
 .debug_macro   0x0001f509      0x20e ./Components/SEGGER/OS/SEGGER_SYSVIEW_FreeRTOS.o
 .debug_macro   0x0001f717      0x1e9 ./Components/SEGGER/SEGGER/SEGGER_RTT.o
 .debug_macro   0x0001f900       0x35 ./Components/SEGGER/SEGGER/SEGGER_RTT.o
 .debug_macro   0x0001f935      0x138 ./Components/SEGGER/SEGGER/SEGGER_RTT.o
 .debug_macro   0x0001fa6d      0x252 ./Components/SEGGER/SEGGER/SEGGER_SYSVIEW.o
 .debug_macro   0x0001fcbf      0x234 ./Components/SEGGER/SEGGER/SEGGER_SYSVIEW.o
 .debug_macro   0x0001fef3       0x3b ./Components/SEGGER/SEGGER/SEGGER_SYSVIEW.o
 .debug_macro   0x0001ff2e      0x2f9 ./Core/Src/main.o
 .debug_macro   0x00020227       0x88 ./Core/Src/main.o
 .debug_macro   0x000202af      0x100 ./Core/Src/main.o
 .debug_macro   0x000203af       0x3a ./Core/Src/main.o
 .debug_macro   0x000203e9      0x1ec ./Core/Src/stm32f4xx_hal_msp.o
 .debug_macro   0x000205d5      0x1dd ./Core/Src/stm32f4xx_hal_timebase_tim.o
 .debug_macro   0x000207b2      0x1f6 ./Core/Src/stm32f4xx_it.o
 .debug_macro   0x000209a8      0x1dd ./Core/Src/system_stm32f4xx.o
 .debug_macro   0x00020b85      0x23d ./Drivers/STM32F4xx_HAL_Driver/Src/stm32f4xx_hal.o
 .debug_macro   0x00020dc2      0x1dd ./Drivers/STM32F4xx_HAL_Driver/Src/stm32f4xx_hal_cortex.o
 .debug_macro   0x00020f9f      0x1e3 ./Drivers/STM32F4xx_HAL_Driver/Src/stm32f4xx_hal_gpio.o
 .debug_macro   0x00021182      0x22b ./Drivers/STM32F4xx_HAL_Driver/Src/stm32f4xx_hal_i2c.o
 .debug_macro   0x000213ad      0x1f5 ./Drivers/STM32F4xx_HAL_Driver/Src/stm32f4xx_hal_pwr_ex.o
 .debug_macro   0x000215a2      0x201 ./Drivers/STM32F4xx_HAL_Driver/Src/stm32f4xx_hal_rcc.o
 .debug_macro   0x000217a3      0x1dd ./Drivers/STM32F4xx_HAL_Driver/Src/stm32f4xx_hal_rcc_ex.o
 .debug_macro   0x00021980      0x1de ./Drivers/STM32F4xx_HAL_Driver/Src/stm32f4xx_hal_tim.o
 .debug_macro   0x00021b5e      0x1dd ./Drivers/STM32F4xx_HAL_Driver/Src/stm32f4xx_hal_tim_ex.o

.debug_line     0x00000000    0x18fcb
 .debug_line    0x00000000      0x8de ./Components/FreeRTOS/Source/list.o
 .debug_line    0x000008de     0x1f27 ./Components/FreeRTOS/Source/tasks.o
 .debug_line    0x00002805      0x9c1 ./Components/FreeRTOS/Source/portable/GCC/ARM_CM4F/port.o
 .debug_line    0x000031c6      0xb5f ./Components/FreeRTOS/Source/portable/MemMang/heap_4.o
 .debug_line    0x00003d25      0x77d ./Components/I2C_LCD/LCD_I2C.o
 .debug_line    0x000044a2      0x6a8 ./Components/SEGGER/Config/SEGGER_SYSVIEW_Config_FreeRTOS.o
 .debug_line    0x00004b4a      0x9aa ./Components/SEGGER/OS/SEGGER_SYSVIEW_FreeRTOS.o
 .debug_line    0x000054f4      0xf09 ./Components/SEGGER/SEGGER/SEGGER_RTT.o
 .debug_line    0x000063fd       0x86 ./Components/SEGGER/SEGGER/SEGGER_RTT_ASM_ARMv7M.o
 .debug_line    0x00006483     0x26d8 ./Components/SEGGER/SEGGER/SEGGER_SYSVIEW.o
 .debug_line    0x00008b5b      0xc9b ./Core/Src/main.o
 .debug_line    0x000097f6      0x77e ./Core/Src/stm32f4xx_hal_msp.o
 .debug_line    0x00009f74      0x778 ./Core/Src/stm32f4xx_hal_timebase_tim.o
 .debug_line    0x0000a6ec      0x799 ./Core/Src/stm32f4xx_it.o
 .debug_line    0x0000ae85      0x781 ./Core/Src/system_stm32f4xx.o
 .debug_line    0x0000b606       0x7a ./Core/Startup/startup_stm32f446retx.o
 .debug_line    0x0000b680      0x9ea ./Drivers/STM32F4xx_HAL_Driver/Src/stm32f4xx_hal.o
 .debug_line    0x0000c06a      0xcdc ./Drivers/STM32F4xx_HAL_Driver/Src/stm32f4xx_hal_cortex.o
 .debug_line    0x0000cd46      0xb62 ./Drivers/STM32F4xx_HAL_Driver/Src/stm32f4xx_hal_gpio.o
 .debug_line    0x0000d8a8     0x3b30 ./Drivers/STM32F4xx_HAL_Driver/Src/stm32f4xx_hal_i2c.o
 .debug_line    0x000113d8      0x913 ./Drivers/STM32F4xx_HAL_Driver/Src/stm32f4xx_hal_pwr_ex.o
 .debug_line    0x00011ceb      0xd81 ./Drivers/STM32F4xx_HAL_Driver/Src/stm32f4xx_hal_rcc.o
 .debug_line    0x00012a6c     0x13f1 ./Drivers/STM32F4xx_HAL_Driver/Src/stm32f4xx_hal_rcc_ex.o
 .debug_line    0x00013e5d     0x378e ./Drivers/STM32F4xx_HAL_Driver/Src/stm32f4xx_hal_tim.o
 .debug_line    0x000175eb     0x19e0 ./Drivers/STM32F4xx_HAL_Driver/Src/stm32f4xx_hal_tim_ex.o

.debug_str      0x00000000    0xeb518
 .debug_str     0x00000000    0x1b9ca ./Components/FreeRTOS/Source/list.o
                              0x1bc23 (size before relaxing)
 .debug_str     0x0001b9ca     0x312d ./Components/FreeRTOS/Source/tasks.o
                              0x1ede6 (size before relaxing)
 .debug_str     0x0001eaf7      0x850 ./Components/FreeRTOS/Source/portable/GCC/ARM_CM4F/port.o
                              0x1a4cd (size before relaxing)
 .debug_str     0x0001f347      0x5e7 ./Components/FreeRTOS/Source/portable/MemMang/heap_4.o
                              0x1d44d (size before relaxing)
 .debug_str     0x0001f92e    0xc5668 ./Components/I2C_LCD/LCD_I2C.o
                              0xc97fc (size before relaxing)
 .debug_str     0x000e4f96      0x1d6 ./Components/SEGGER/Config/SEGGER_SYSVIEW_Config_FreeRTOS.o
                              0x17f94 (size before relaxing)
 .debug_str     0x000e516c       0xfa ./Components/SEGGER/OS/SEGGER_SYSVIEW_FreeRTOS.o
                              0x1ce7c (size before relaxing)
 .debug_str     0x000e5266     0x1085 ./Components/SEGGER/SEGGER/SEGGER_RTT.o
                               0x876e (size before relaxing)
 .debug_str     0x000e62eb       0x42 ./Components/SEGGER/SEGGER/SEGGER_RTT_ASM_ARMv7M.o
                                 0x77 (size before relaxing)
 .debug_str     0x000e632d     0x10d3 ./Components/SEGGER/SEGGER/SEGGER_SYSVIEW.o
                               0xabc4 (size before relaxing)
 .debug_str     0x000e7400      0x9b3 ./Core/Src/main.o
                              0xdfd76 (size before relaxing)
 .debug_str     0x000e7db3       0xe0 ./Core/Src/stm32f4xx_hal_msp.o
                              0xc9adb (size before relaxing)
 .debug_str     0x000e7e93      0x63b ./Core/Src/stm32f4xx_hal_timebase_tim.o
                              0xc9eb2 (size before relaxing)
 .debug_str     0x000e84ce       0xb9 ./Core/Src/stm32f4xx_it.o
                              0xc992c (size before relaxing)
 .debug_str     0x000e8587       0x77 ./Core/Src/system_stm32f4xx.o
                              0xc937a (size before relaxing)
 .debug_str     0x000e85fe       0x36 ./Core/Startup/startup_stm32f446retx.o
                                 0x79 (size before relaxing)
 .debug_str     0x000e8634      0x5c9 ./Drivers/STM32F4xx_HAL_Driver/Src/stm32f4xx_hal.o
                              0xc9f3f (size before relaxing)
 .debug_str     0x000e8bfd      0x351 ./Drivers/STM32F4xx_HAL_Driver/Src/stm32f4xx_hal_cortex.o
                              0xc9c96 (size before relaxing)
 .debug_str     0x000e8f4e      0x110 ./Drivers/STM32F4xx_HAL_Driver/Src/stm32f4xx_hal_gpio.o
                              0xc94f5 (size before relaxing)
 .debug_str     0x000e905e      0xb23 ./Drivers/STM32F4xx_HAL_Driver/Src/stm32f4xx_hal_i2c.o
                              0xca378 (size before relaxing)
 .debug_str     0x000e9b81      0x135 ./Drivers/STM32F4xx_HAL_Driver/Src/stm32f4xx_hal_pwr_ex.o
                              0xc9552 (size before relaxing)
 .debug_str     0x000e9cb6      0x1f2 ./Drivers/STM32F4xx_HAL_Driver/Src/stm32f4xx_hal_rcc.o
                              0xc97b3 (size before relaxing)
 .debug_str     0x000e9ea8      0x31c ./Drivers/STM32F4xx_HAL_Driver/Src/stm32f4xx_hal_rcc_ex.o
                              0xc97e6 (size before relaxing)
 .debug_str     0x000ea1c4      0xe51 ./Drivers/STM32F4xx_HAL_Driver/Src/stm32f4xx_hal_tim.o
                              0xca6df (size before relaxing)
 .debug_str     0x000eb015      0x503 ./Drivers/STM32F4xx_HAL_Driver/Src/stm32f4xx_hal_tim_ex.o
                              0xc9eeb (size before relaxing)

.comment        0x00000000       0x43
 .comment       0x00000000       0x43 ./Components/FreeRTOS/Source/list.o
                                 0x44 (size before relaxing)
 .comment       0x00000043       0x44 ./Components/FreeRTOS/Source/tasks.o
 .comment       0x00000043       0x44 ./Components/FreeRTOS/Source/portable/GCC/ARM_CM4F/port.o
 .comment       0x00000043       0x44 ./Components/FreeRTOS/Source/portable/MemMang/heap_4.o
 .comment       0x00000043       0x44 ./Components/I2C_LCD/LCD_I2C.o
 .comment       0x00000043       0x44 ./Components/SEGGER/Config/SEGGER_SYSVIEW_Config_FreeRTOS.o
 .comment       0x00000043       0x44 ./Components/SEGGER/OS/SEGGER_SYSVIEW_FreeRTOS.o
 .comment       0x00000043       0x44 ./Components/SEGGER/SEGGER/SEGGER_RTT.o
 .comment       0x00000043       0x44 ./Components/SEGGER/SEGGER/SEGGER_SYSVIEW.o
 .comment       0x00000043       0x44 ./Core/Src/main.o
 .comment       0x00000043       0x44 ./Core/Src/stm32f4xx_hal_msp.o
 .comment       0x00000043       0x44 ./Core/Src/stm32f4xx_hal_timebase_tim.o
 .comment       0x00000043       0x44 ./Core/Src/stm32f4xx_it.o
 .comment       0x00000043       0x44 ./Core/Src/system_stm32f4xx.o
 .comment       0x00000043       0x44 ./Drivers/STM32F4xx_HAL_Driver/Src/stm32f4xx_hal.o
 .comment       0x00000043       0x44 ./Drivers/STM32F4xx_HAL_Driver/Src/stm32f4xx_hal_cortex.o
 .comment       0x00000043       0x44 ./Drivers/STM32F4xx_HAL_Driver/Src/stm32f4xx_hal_gpio.o
 .comment       0x00000043       0x44 ./Drivers/STM32F4xx_HAL_Driver/Src/stm32f4xx_hal_i2c.o
 .comment       0x00000043       0x44 ./Drivers/STM32F4xx_HAL_Driver/Src/stm32f4xx_hal_pwr_ex.o
 .comment       0x00000043       0x44 ./Drivers/STM32F4xx_HAL_Driver/Src/stm32f4xx_hal_rcc.o
 .comment       0x00000043       0x44 ./Drivers/STM32F4xx_HAL_Driver/Src/stm32f4xx_hal_rcc_ex.o
 .comment       0x00000043       0x44 ./Drivers/STM32F4xx_HAL_Driver/Src/stm32f4xx_hal_tim.o
 .comment       0x00000043       0x44 ./Drivers/STM32F4xx_HAL_Driver/Src/stm32f4xx_hal_tim_ex.o

.debug_frame    0x00000000     0x5948
 .debug_frame   0x00000000       0xd8 ./Components/FreeRTOS/Source/list.o
 .debug_frame   0x000000d8      0x88c ./Components/FreeRTOS/Source/tasks.o
 .debug_frame   0x00000964      0x1a8 ./Components/FreeRTOS/Source/portable/GCC/ARM_CM4F/port.o
 .debug_frame   0x00000b0c      0x150 ./Components/FreeRTOS/Source/portable/MemMang/heap_4.o
 .debug_frame   0x00000c5c       0x98 ./Components/I2C_LCD/LCD_I2C.o
 .debug_frame   0x00000cf4       0x48 ./Components/SEGGER/Config/SEGGER_SYSVIEW_Config_FreeRTOS.o
 .debug_frame   0x00000d3c      0x104 ./Components/SEGGER/OS/SEGGER_SYSVIEW_FreeRTOS.o
 .debug_frame   0x00000e40      0x52c ./Components/SEGGER/SEGGER/SEGGER_RTT.o
 .debug_frame   0x0000136c      0xe10 ./Components/SEGGER/SEGGER/SEGGER_SYSVIEW.o
 .debug_frame   0x0000217c      0x130 ./Core/Src/main.o
 .debug_frame   0x000022ac       0xa4 ./Core/Src/stm32f4xx_hal_msp.o
 .debug_frame   0x00002350       0x74 ./Core/Src/stm32f4xx_hal_timebase_tim.o
 .debug_frame   0x000023c4       0xc4 ./Core/Src/stm32f4xx_it.o
 .debug_frame   0x00002488       0x58 ./Core/Src/system_stm32f4xx.o
 .debug_frame   0x000024e0      0x374 ./Drivers/STM32F4xx_HAL_Driver/Src/stm32f4xx_hal.o
 .debug_frame   0x00002854      0x508 ./Drivers/STM32F4xx_HAL_Driver/Src/stm32f4xx_hal_cortex.o
 .debug_frame   0x00002d5c      0x14c ./Drivers/STM32F4xx_HAL_Driver/Src/stm32f4xx_hal_gpio.o
 .debug_frame   0x00002ea8      0xc84 ./Drivers/STM32F4xx_HAL_Driver/Src/stm32f4xx_hal_i2c.o
 .debug_frame   0x00003b2c      0x14c ./Drivers/STM32F4xx_HAL_Driver/Src/stm32f4xx_hal_pwr_ex.o
 .debug_frame   0x00003c78      0x1f4 ./Drivers/STM32F4xx_HAL_Driver/Src/stm32f4xx_hal_rcc.o
 .debug_frame   0x00003e6c      0x1e8 ./Drivers/STM32F4xx_HAL_Driver/Src/stm32f4xx_hal_rcc_ex.o
 .debug_frame   0x00004054     0x11c0 ./Drivers/STM32F4xx_HAL_Driver/Src/stm32f4xx_hal_tim.o
 .debug_frame   0x00005214      0x638 ./Drivers/STM32F4xx_HAL_Driver/Src/stm32f4xx_hal_tim_ex.o
 .debug_frame   0x0000584c       0x28 /Applications/STM32CubeIDE.app/Contents/Eclipse/plugins/com.st.stm32cube.ide.mcu.externaltools.gnu-tools-for-stm32.12.3.rel1.macos64_1.0.200.202406191456/tools/bin/../lib/gcc/arm-none-eabi/12.3.1/../../../../arm-none-eabi/lib/thumb/v7e-m+fp/hard/libc_nano.a(libc_a-memcmp.o)
 .debug_frame   0x00005874       0x20 /Applications/STM32CubeIDE.app/Contents/Eclipse/plugins/com.st.stm32cube.ide.mcu.externaltools.gnu-tools-for-stm32.12.3.rel1.macos64_1.0.200.202406191456/tools/bin/../lib/gcc/arm-none-eabi/12.3.1/../../../../arm-none-eabi/lib/thumb/v7e-m+fp/hard/libc_nano.a(libc_a-memset.o)
 .debug_frame   0x00005894       0x2c /Applications/STM32CubeIDE.app/Contents/Eclipse/plugins/com.st.stm32cube.ide.mcu.externaltools.gnu-tools-for-stm32.12.3.rel1.macos64_1.0.200.202406191456/tools/bin/../lib/gcc/arm-none-eabi/12.3.1/../../../../arm-none-eabi/lib/thumb/v7e-m+fp/hard/libc_nano.a(libc_a-init.o)
 .debug_frame   0x000058c0       0x28 /Applications/STM32CubeIDE.app/Contents/Eclipse/plugins/com.st.stm32cube.ide.mcu.externaltools.gnu-tools-for-stm32.12.3.rel1.macos64_1.0.200.202406191456/tools/bin/../lib/gcc/arm-none-eabi/12.3.1/../../../../arm-none-eabi/lib/thumb/v7e-m+fp/hard/libc_nano.a(libc_a-memcpy-stub.o)
 .debug_frame   0x000058e8       0x2c /Applications/STM32CubeIDE.app/Contents/Eclipse/plugins/com.st.stm32cube.ide.mcu.externaltools.gnu-tools-for-stm32.12.3.rel1.macos64_1.0.200.202406191456/tools/bin/../lib/gcc/arm-none-eabi/12.3.1/thumb/v7e-m+fp/hard/libgcc.a(_aeabi_uldivmod.o)
 .debug_frame   0x00005914       0x34 /Applications/STM32CubeIDE.app/Contents/Eclipse/plugins/com.st.stm32cube.ide.mcu.externaltools.gnu-tools-for-stm32.12.3.rel1.macos64_1.0.200.202406191456/tools/bin/../lib/gcc/arm-none-eabi/12.3.1/thumb/v7e-m+fp/hard/libgcc.a(_udivmoddi4.o)

.debug_line_str
                0x00000000       0x91
 .debug_line_str
                0x00000000       0x69 ./Components/SEGGER/SEGGER/SEGGER_RTT_ASM_ARMv7M.o
 .debug_line_str
                0x00000069       0x28 ./Core/Startup/startup_stm32f446retx.o
                                 0x5d (size before relaxing)
